http_interactions:
- request:
    method: get
    uri: https://www.googleapis.com/drive/v3/files?orderBy=recency%20desc&q=%28%27root%27%20in%20parents%29%20and%20%28trashed%20%3D%20false%29&supportsTeamDrives=TRUE&fields=%2A
    body:
      encoding: ''
      string: ''
    headers:
      Accept: application/json, text/xml, application/xml, */*
      Authorization: My bearer token is safe
  response:
    status:
      status_code: 200
      category: Success
      reason: OK
      message: 'Success: (200) OK'
    headers:
      alt-svc: h3-29=":443"; ma=2592000,h3-T051=":443"; ma=2592000,h3-Q050=":443";
        ma=2592000,h3-Q046=":443"; ma=2592000,h3-Q043=":443"; ma=2592000,quic=":443";
        ma=2592000; v="46,43"
      cache-control: no-cache, no-store, max-age=0, must-revalidate
      content-encoding: gzip
      content-length: '1592'
      content-security-policy: frame-ancestors 'self'
      content-type: application/json; charset=UTF-8
      date: Wed, 31 Mar 2021 08:47:58 GMT
      expires: Mon, 01 Jan 1990 00:00:00 GMT
      pragma: no-cache
      server: GSE
      vary:
      - Origin
      - X-Origin
      x-content-type-options: nosniff
      x-frame-options: SAMEORIGIN
      x-xss-protection: 1; mode=block
    body:
      encoding: UTF-8
      file: no
      string: |
        {
         "kind": "drive#fileList",
         "incompleteSearch": false,
         "files": [
          {
           "kind": "drive#file",
           "id": "1CB3g50fT5m1LHMl3-lPiuoKd7v3jeYgb",
           "name": "writing_folder",
           "mimeType": "application/vnd.google-apps.folder",
           "starred": false,
           "trashed": false,
           "explicitlyTrashed": false,
           "parents": [
            "0APbXnIs35pMSUk9PVA"
           ],
           "spaces": [
            "drive"
           ],
           "version": "11",
           "webViewLink": "https://drive.google.com/drive/folders/1CB3g50fT5m1LHMl3-lPiuoKd7v3jeYgb",
           "iconLink": "https://drive-thirdparty.googleusercontent.com/16/type/application/vnd.google-apps.folder",
           "hasThumbnail": false,
           "thumbnailVersion": "0",
           "viewedByMe": true,
           "viewedByMeTime": "2021-03-31T08:16:51.255Z",
           "createdTime": "2021-03-10T08:02:58.655Z",
           "modifiedTime": "2021-03-10T08:02:58.655Z",
           "modifiedByMeTime": "2021-03-10T08:02:58.655Z",
           "modifiedByMe": true,
           "owners": [
            {
             "kind": "drive#user",
             "displayName": "trackdown rpackage",
             "me": true,
             "permissionId": "09109446299227804908",
             "emailAddress": "trackdown.rpackage@gmail.com"
            }
           ],
           "lastModifyingUser": {
            "kind": "drive#user",
            "displayName": "trackdown rpackage",
            "me": true,
            "permissionId": "09109446299227804908",
            "emailAddress": "trackdown.rpackage@gmail.com"
           },
           "shared": false,
           "ownedByMe": true,
           "capabilities": {
            "canAddChildren": true,
            "canAddMyDriveParent": false,
            "canChangeCopyRequiresWriterPermission": false,
            "canChangeViewersCanCopyContent": false,
            "canComment": true,
            "canCopy": false,
            "canDelete": true,
            "canDownload": true,
            "canEdit": true,
            "canListChildren": true,
            "canModifyContent": true,
            "canMoveChildrenWithinDrive": true,
            "canMoveItemIntoTeamDrive": true,
            "canMoveItemOutOfDrive": true,
            "canMoveItemWithinDrive": true,
            "canReadRevisions": false,
            "canRemoveChildren": true,
            "canRemoveMyDriveParent": true,
            "canRename": true,
            "canShare": true,
            "canTrash": true,
            "canUntrash": true
           },
           "viewersCanCopyContent": true,
           "copyRequiresWriterPermission": false,
           "writersCanShare": true,
           "permissions": [
            {
             "kind": "drive#permission",
             "id": "09109446299227804908",
             "type": "user",
             "emailAddress": "trackdown.rpackage@gmail.com",
             "role": "owner",
             "displayName": "trackdown rpackage",
             "deleted": false
            }
           ],
           "permissionIds": [
            "09109446299227804908"
           ],
           "folderColorRgb": "#8f8f8f",
           "quotaBytesUsed": "0",
           "isAppAuthorized": false
          },
          {
           "kind": "drive#file",
           "id": "1Ow7GM1dLfu31eygq9Dc8tG6b5IMdD2mr",
           "name": "reading_folder",
           "mimeType": "application/vnd.google-apps.folder",
           "starred": false,
           "trashed": false,
           "explicitlyTrashed": false,
           "parents": [
            "0APbXnIs35pMSUk9PVA"
           ],
           "spaces": [
            "drive"
           ],
           "version": "29",
           "webViewLink": "https://drive.google.com/drive/folders/1Ow7GM1dLfu31eygq9Dc8tG6b5IMdD2mr",
           "iconLink": "https://drive-thirdparty.googleusercontent.com/16/type/application/vnd.google-apps.folder",
           "hasThumbnail": false,
           "thumbnailVersion": "0",
           "viewedByMe": true,
           "viewedByMeTime": "2021-03-31T08:16:47.770Z",
           "createdTime": "2021-03-10T08:03:32.695Z",
           "modifiedTime": "2021-03-10T08:03:32.695Z",
           "modifiedByMeTime": "2021-03-10T08:03:32.695Z",
           "modifiedByMe": true,
           "owners": [
            {
             "kind": "drive#user",
             "displayName": "trackdown rpackage",
             "me": true,
             "permissionId": "09109446299227804908",
             "emailAddress": "trackdown.rpackage@gmail.com"
            }
           ],
           "lastModifyingUser": {
            "kind": "drive#user",
            "displayName": "trackdown rpackage",
            "me": true,
            "permissionId": "09109446299227804908",
            "emailAddress": "trackdown.rpackage@gmail.com"
           },
           "shared": false,
           "ownedByMe": true,
           "capabilities": {
            "canAddChildren": true,
            "canAddMyDriveParent": false,
            "canChangeCopyRequiresWriterPermission": false,
            "canChangeViewersCanCopyContent": false,
            "canComment": true,
            "canCopy": false,
            "canDelete": true,
            "canDownload": true,
            "canEdit": true,
            "canListChildren": true,
            "canModifyContent": true,
            "canMoveChildrenWithinDrive": true,
            "canMoveItemIntoTeamDrive": true,
            "canMoveItemOutOfDrive": true,
            "canMoveItemWithinDrive": true,
            "canReadRevisions": false,
            "canRemoveChildren": true,
            "canRemoveMyDriveParent": true,
            "canRename": true,
            "canShare": true,
            "canTrash": true,
            "canUntrash": true
           },
           "viewersCanCopyContent": true,
           "copyRequiresWriterPermission": false,
           "writersCanShare": true,
           "permissions": [
            {
             "kind": "drive#permission",
             "id": "09109446299227804908",
             "type": "user",
             "emailAddress": "trackdown.rpackage@gmail.com",
             "role": "owner",
             "displayName": "trackdown rpackage",
             "deleted": false
            }
           ],
           "permissionIds": [
            "09109446299227804908"
           ],
           "folderColorRgb": "#8f8f8f",
           "quotaBytesUsed": "0",
           "isAppAuthorized": false
          },
          {
           "kind": "drive#file",
           "id": "1sxM4x4LrBz3dyK1Ghk3xO4YfKVAYbtNG",
           "name": "trackdown",
           "mimeType": "application/vnd.google-apps.folder",
           "starred": false,
           "trashed": false,
           "explicitlyTrashed": false,
           "parents": [
            "0APbXnIs35pMSUk9PVA"
           ],
           "spaces": [
            "drive"
           ],
           "version": "9",
           "webViewLink": "https://drive.google.com/drive/folders/1sxM4x4LrBz3dyK1Ghk3xO4YfKVAYbtNG",
           "iconLink": "https://drive-thirdparty.googleusercontent.com/16/type/application/vnd.google-apps.folder",
           "hasThumbnail": false,
           "thumbnailVersion": "0",
           "viewedByMe": true,
           "viewedByMeTime": "2021-03-30T17:27:30.399Z",
           "createdTime": "2021-03-30T08:10:27.528Z",
           "modifiedTime": "2021-03-30T08:10:27.528Z",
           "modifiedByMeTime": "2021-03-30T08:10:27.528Z",
           "modifiedByMe": true,
           "owners": [
            {
             "kind": "drive#user",
             "displayName": "trackdown rpackage",
             "me": true,
             "permissionId": "09109446299227804908",
             "emailAddress": "trackdown.rpackage@gmail.com"
            }
           ],
           "lastModifyingUser": {
            "kind": "drive#user",
            "displayName": "trackdown rpackage",
            "me": true,
            "permissionId": "09109446299227804908",
            "emailAddress": "trackdown.rpackage@gmail.com"
           },
           "shared": false,
           "ownedByMe": true,
           "capabilities": {
            "canAddChildren": true,
            "canAddMyDriveParent": false,
            "canChangeCopyRequiresWriterPermission": false,
            "canChangeViewersCanCopyContent": false,
            "canComment": true,
            "canCopy": false,
            "canDelete": true,
            "canDownload": true,
            "canEdit": true,
            "canListChildren": true,
            "canModifyContent": true,
            "canMoveChildrenWithinDrive": true,
            "canMoveItemIntoTeamDrive": true,
            "canMoveItemOutOfDrive": true,
            "canMoveItemWithinDrive": true,
            "canReadRevisions": false,
            "canRemoveChildren": true,
            "canRemoveMyDriveParent": true,
            "canRename": true,
            "canShare": true,
            "canTrash": true,
            "canUntrash": true
           },
           "viewersCanCopyContent": true,
           "copyRequiresWriterPermission": false,
           "writersCanShare": true,
           "permissions": [
            {
             "kind": "drive#permission",
             "id": "09109446299227804908",
             "type": "user",
             "emailAddress": "trackdown.rpackage@gmail.com",
             "role": "owner",
             "displayName": "trackdown rpackage",
             "deleted": false
            }
           ],
           "permissionIds": [
            "09109446299227804908"
           ],
           "folderColorRgb": "#8f8f8f",
           "quotaBytesUsed": "0",
           "isAppAuthorized": true
          },
          {
           "kind": "drive#file",
           "id": "1JdS_6BTBSUjuuGaldVVtnXecrt8oC5dV",
           "name": "examples",
           "mimeType": "application/vnd.google-apps.folder",
           "starred": false,
           "trashed": false,
           "explicitlyTrashed": false,
           "parents": [
            "0APbXnIs35pMSUk9PVA"
           ],
           "spaces": [
            "drive"
           ],
           "version": "5",
           "webViewLink": "https://drive.google.com/drive/folders/1JdS_6BTBSUjuuGaldVVtnXecrt8oC5dV",
           "iconLink": "https://drive-thirdparty.googleusercontent.com/16/type/application/vnd.google-apps.folder",
           "hasThumbnail": false,
           "thumbnailVersion": "0",
           "viewedByMe": true,
           "viewedByMeTime": "2021-03-30T13:56:37.257Z",
           "createdTime": "2021-03-30T13:43:10.018Z",
           "modifiedTime": "2021-03-30T13:43:17.439Z",
           "modifiedByMeTime": "2021-03-30T13:43:17.439Z",
           "modifiedByMe": true,
           "owners": [
            {
             "kind": "drive#user",
             "displayName": "trackdown rpackage",
             "me": true,
             "permissionId": "09109446299227804908",
             "emailAddress": "trackdown.rpackage@gmail.com"
            }
           ],
           "lastModifyingUser": {
            "kind": "drive#user",
            "displayName": "trackdown rpackage",
            "me": true,
            "permissionId": "09109446299227804908",
            "emailAddress": "trackdown.rpackage@gmail.com"
           },
           "shared": false,
           "ownedByMe": true,
           "capabilities": {
            "canAddChildren": true,
            "canAddMyDriveParent": false,
            "canChangeCopyRequiresWriterPermission": false,
            "canChangeViewersCanCopyContent": false,
            "canComment": true,
            "canCopy": false,
            "canDelete": true,
            "canDownload": true,
            "canEdit": true,
            "canListChildren": true,
            "canModifyContent": true,
            "canMoveChildrenWithinDrive": true,
            "canMoveItemIntoTeamDrive": true,
            "canMoveItemOutOfDrive": true,
            "canMoveItemWithinDrive": true,
            "canReadRevisions": false,
            "canRemoveChildren": true,
            "canRemoveMyDriveParent": true,
            "canRename": true,
            "canShare": true,
            "canTrash": true,
            "canUntrash": true
           },
           "viewersCanCopyContent": true,
           "copyRequiresWriterPermission": false,
           "writersCanShare": true,
           "permissions": [
            {
             "kind": "drive#permission",
             "id": "09109446299227804908",
             "type": "user",
             "emailAddress": "trackdown.rpackage@gmail.com",
             "role": "owner",
             "displayName": "trackdown rpackage",
             "deleted": false
            }
           ],
           "permissionIds": [
            "09109446299227804908"
           ],
           "folderColorRgb": "#8f8f8f",
           "quotaBytesUsed": "0",
           "isAppAuthorized": false
          },
          {
           "kind": "drive#file",
           "id": "1wawg2T1bCeRTkYlrdoqbIXj59ASB_x2NZXz903yCCag",
           "name": "Hello-World",
           "mimeType": "application/vnd.google-apps.document",
           "starred": false,
           "trashed": false,
           "explicitlyTrashed": false,
           "parents": [
            "0APbXnIs35pMSUk9PVA"
           ],
           "spaces": [
            "drive"
           ],
           "version": "7",
           "webViewLink": "https://docs.google.com/document/d/1wawg2T1bCeRTkYlrdoqbIXj59ASB_x2NZXz903yCCag/edit?usp=drivesdk",
           "iconLink": "https://drive-thirdparty.googleusercontent.com/16/type/application/vnd.google-apps.document",
           "hasThumbnail": true,
           "thumbnailLink": "https://docs.google.com/feeds/vt?gd=true&id=1wawg2T1bCeRTkYlrdoqbIXj59ASB_x2NZXz903yCCag&v=3&s=AMedNnoAAAAAYGRTXveyk2aYk4G7UvqSPfM-PSImrJuI&sz=s220",
           "thumbnailVersion": "3",
           "viewedByMe": true,
           "viewedByMeTime": "2021-03-10T09:02:59.300Z",
           "createdTime": "2021-03-10T09:02:49.123Z",
           "modifiedTime": "2021-03-10T09:02:59.300Z",
           "modifiedByMeTime": "2021-03-10T09:02:59.300Z",
           "modifiedByMe": true,
           "owners": [
            {
             "kind": "drive#user",
             "displayName": "trackdown rpackage",
             "me": true,
             "permissionId": "09109446299227804908",
             "emailAddress": "trackdown.rpackage@gmail.com"
            }
           ],
           "lastModifyingUser": {
            "kind": "drive#user",
            "displayName": "trackdown rpackage",
            "me": true,
            "permissionId": "09109446299227804908",
            "emailAddress": "trackdown.rpackage@gmail.com"
           },
           "shared": false,
           "ownedByMe": true,
           "capabilities": {
            "canAddChildren": false,
            "canAddMyDriveParent": false,
            "canChangeCopyRequiresWriterPermission": true,
            "canChangeViewersCanCopyContent": true,
            "canComment": true,
            "canCopy": true,
            "canDelete": true,
            "canDownload": true,
            "canEdit": true,
            "canListChildren": false,
            "canModifyContent": true,
            "canMoveChildrenWithinDrive": false,
            "canMoveItemIntoTeamDrive": true,
            "canMoveItemOutOfDrive": true,
            "canMoveItemWithinDrive": true,
            "canReadRevisions": true,
            "canRemoveChildren": false,
            "canRemoveMyDriveParent": true,
            "canRename": true,
            "canShare": true,
            "canTrash": true,
            "canUntrash": true
           },
           "viewersCanCopyContent": true,
           "copyRequiresWriterPermission": false,
           "writersCanShare": true,
           "permissions": [
            {
             "kind": "drive#permission",
             "id": "09109446299227804908",
             "type": "user",
             "emailAddress": "trackdown.rpackage@gmail.com",
             "role": "owner",
             "displayName": "trackdown rpackage",
             "deleted": false
            }
           ],
           "permissionIds": [
            "09109446299227804908"
           ],
           "quotaBytesUsed": "0",
           "isAppAuthorized": false,
           "exportLinks": {
            "application/rtf": "https://docs.google.com/feeds/download/documents/export/Export?id=1wawg2T1bCeRTkYlrdoqbIXj59ASB_x2NZXz903yCCag&exportFormat=rtf",
            "application/vnd.oasis.opendocument.text": "https://docs.google.com/feeds/download/documents/export/Export?id=1wawg2T1bCeRTkYlrdoqbIXj59ASB_x2NZXz903yCCag&exportFormat=odt",
            "text/html": "https://docs.google.com/feeds/download/documents/export/Export?id=1wawg2T1bCeRTkYlrdoqbIXj59ASB_x2NZXz903yCCag&exportFormat=html",
            "application/pdf": "https://docs.google.com/feeds/download/documents/export/Export?id=1wawg2T1bCeRTkYlrdoqbIXj59ASB_x2NZXz903yCCag&exportFormat=pdf",
            "application/epub+zip": "https://docs.google.com/feeds/download/documents/export/Export?id=1wawg2T1bCeRTkYlrdoqbIXj59ASB_x2NZXz903yCCag&exportFormat=epub",
            "application/zip": "https://docs.google.com/feeds/download/documents/export/Export?id=1wawg2T1bCeRTkYlrdoqbIXj59ASB_x2NZXz903yCCag&exportFormat=zip",
            "application/vnd.openxmlformats-officedocument.wordprocessingml.document": "https://docs.google.com/feeds/download/documents/export/Export?id=1wawg2T1bCeRTkYlrdoqbIXj59ASB_x2NZXz903yCCag&exportFormat=docx",
            "text/plain": "https://docs.google.com/feeds/download/documents/export/Export?id=1wawg2T1bCeRTkYlrdoqbIXj59ASB_x2NZXz903yCCag&exportFormat=txt"
           }
          }
         ]
        }
  recorded_at: 2021-03-31 08:48:04 GMT
  recorded_with: vcr/0.6.0, webmockr/0.7.4
- request:
    method: get
    uri: https://www.googleapis.com/drive/v3/files/0APbXnIs35pMSUk9PVA?supportsTeamDrives=TRUE&fields=%2A
    body:
      encoding: ''
      string: ''
    headers:
      Accept: application/json, text/xml, application/xml, */*
      Authorization: My bearer token is safe
  response:
    status:
      status_code: 200
      category: Success
      reason: OK
      message: 'Success: (200) OK'
    headers:
      alt-svc: h3-29=":443"; ma=2592000,h3-T051=":443"; ma=2592000,h3-Q050=":443";
        ma=2592000,h3-Q046=":443"; ma=2592000,h3-Q043=":443"; ma=2592000,quic=":443";
        ma=2592000; v="46,43"
      cache-control: no-cache, no-store, max-age=0, must-revalidate
      content-encoding: gzip
      content-length: '748'
      content-security-policy: frame-ancestors 'self'
      content-type: application/json; charset=UTF-8
      date: Wed, 31 Mar 2021 08:47:58 GMT
      expires: Mon, 01 Jan 1990 00:00:00 GMT
      pragma: no-cache
      server: GSE
      vary:
      - Origin
      - X-Origin
      x-content-type-options: nosniff
      x-frame-options: SAMEORIGIN
      x-xss-protection: 1; mode=block
    body:
      encoding: UTF-8
      file: no
      string: |
        {
         "kind": "drive#file",
         "id": "0APbXnIs35pMSUk9PVA",
         "name": "My Drive",
         "mimeType": "application/vnd.google-apps.folder",
         "starred": false,
         "trashed": false,
         "explicitlyTrashed": false,
         "spaces": [
          "drive"
         ],
         "version": "1",
         "webViewLink": "https://drive.google.com/drive/folders/0APbXnIs35pMSUk9PVA",
         "iconLink": "https://drive-thirdparty.googleusercontent.com/16/type/application/vnd.google-apps.folder",
         "hasThumbnail": false,
         "thumbnailVersion": "0",
         "viewedByMe": false,
         "createdTime": "2021-03-10T08:02:33.383Z",
         "modifiedTime": "2021-03-10T08:02:33.383Z",
         "modifiedByMe": false,
         "owners": [
          {
           "kind": "drive#user",
           "displayName": "trackdown rpackage",
           "me": true,
           "permissionId": "09109446299227804908",
           "emailAddress": "trackdown.rpackage@gmail.com"
          }
         ],
         "lastModifyingUser": {
          "kind": "drive#user",
          "displayName": "trackdown rpackage",
          "me": true,
          "permissionId": "09109446299227804908",
          "emailAddress": "trackdown.rpackage@gmail.com"
         },
         "shared": false,
         "ownedByMe": true,
         "capabilities": {
          "canAddChildren": true,
          "canAddMyDriveParent": true,
          "canChangeCopyRequiresWriterPermission": false,
          "canChangeViewersCanCopyContent": false,
          "canComment": true,
          "canCopy": false,
          "canDelete": true,
          "canDownload": true,
          "canEdit": true,
          "canListChildren": true,
          "canModifyContent": true,
          "canMoveChildrenWithinDrive": true,
          "canMoveItemIntoTeamDrive": true,
          "canMoveItemOutOfDrive": true,
          "canMoveItemWithinDrive": true,
          "canReadRevisions": false,
          "canRemoveChildren": true,
          "canRemoveMyDriveParent": true,
          "canRename": true,
          "canShare": true,
          "canTrash": true,
          "canUntrash": true
         },
         "viewersCanCopyContent": true,
         "copyRequiresWriterPermission": false,
         "writersCanShare": true,
         "permissions": [
          {
           "kind": "drive#permission",
           "id": "09109446299227804908",
           "type": "user",
           "emailAddress": "trackdown.rpackage@gmail.com",
           "role": "owner",
           "displayName": "trackdown rpackage",
           "deleted": false
          }
         ],
         "permissionIds": [
          "09109446299227804908"
         ],
         "folderColorRgb": "#8f8f8f",
         "quotaBytesUsed": "0",
         "isAppAuthorized": false
        }
  recorded_at: 2021-03-31 08:48:04 GMT
  recorded_with: vcr/0.6.0, webmockr/0.7.4
- request:
    method: get
    uri: https://www.googleapis.com/drive/v3/files?orderBy=recency%20desc&q=%28%270APbXnIs35pMSUk9PVA%27%20in%20parents%29%20and%20%28mimeType%20%3D%20%27application%2Fvnd.google-apps.folder%27%29%20and%20%28name%20%3D%20%27writing_folder%27%29%20and%20%28trashed%20%3D%20false%29&supportsTeamDrives=TRUE&fields=%2A
    body:
      encoding: ''
      string: ''
    headers:
      Accept: application/json, text/xml, application/xml, */*
      Authorization: My bearer token is safe
  response:
    status:
      status_code: 200
      category: Success
      reason: OK
      message: 'Success: (200) OK'
    headers:
      alt-svc: h3-29=":443"; ma=2592000,h3-T051=":443"; ma=2592000,h3-Q050=":443";
        ma=2592000,h3-Q046=":443"; ma=2592000,h3-Q043=":443"; ma=2592000,quic=":443";
        ma=2592000; v="46,43"
      cache-control: no-cache, no-store, max-age=0, must-revalidate
      content-encoding: gzip
      content-length: '851'
      content-security-policy: frame-ancestors 'self'
      content-type: application/json; charset=UTF-8
      date: Wed, 31 Mar 2021 08:47:59 GMT
      expires: Mon, 01 Jan 1990 00:00:00 GMT
      pragma: no-cache
      server: GSE
      vary:
      - Origin
      - X-Origin
      x-content-type-options: nosniff
      x-frame-options: SAMEORIGIN
      x-xss-protection: 1; mode=block
    body:
      encoding: UTF-8
      file: no
      string: |
        {
         "kind": "drive#fileList",
         "incompleteSearch": false,
         "files": [
          {
           "kind": "drive#file",
           "id": "1CB3g50fT5m1LHMl3-lPiuoKd7v3jeYgb",
           "name": "writing_folder",
           "mimeType": "application/vnd.google-apps.folder",
           "starred": false,
           "trashed": false,
           "explicitlyTrashed": false,
           "parents": [
            "0APbXnIs35pMSUk9PVA"
           ],
           "spaces": [
            "drive"
           ],
           "version": "11",
           "webViewLink": "https://drive.google.com/drive/folders/1CB3g50fT5m1LHMl3-lPiuoKd7v3jeYgb",
           "iconLink": "https://drive-thirdparty.googleusercontent.com/16/type/application/vnd.google-apps.folder",
           "hasThumbnail": false,
           "thumbnailVersion": "0",
           "viewedByMe": true,
           "viewedByMeTime": "2021-03-31T08:16:51.255Z",
           "createdTime": "2021-03-10T08:02:58.655Z",
           "modifiedTime": "2021-03-10T08:02:58.655Z",
           "modifiedByMeTime": "2021-03-10T08:02:58.655Z",
           "modifiedByMe": true,
           "owners": [
            {
             "kind": "drive#user",
             "displayName": "trackdown rpackage",
             "me": true,
             "permissionId": "09109446299227804908",
             "emailAddress": "trackdown.rpackage@gmail.com"
            }
           ],
           "lastModifyingUser": {
            "kind": "drive#user",
            "displayName": "trackdown rpackage",
            "me": true,
            "permissionId": "09109446299227804908",
            "emailAddress": "trackdown.rpackage@gmail.com"
           },
           "shared": false,
           "ownedByMe": true,
           "capabilities": {
            "canAddChildren": true,
            "canAddMyDriveParent": false,
            "canChangeCopyRequiresWriterPermission": false,
            "canChangeViewersCanCopyContent": false,
            "canComment": true,
            "canCopy": false,
            "canDelete": true,
            "canDownload": true,
            "canEdit": true,
            "canListChildren": true,
            "canModifyContent": true,
            "canMoveChildrenWithinDrive": true,
            "canMoveItemIntoTeamDrive": true,
            "canMoveItemOutOfDrive": true,
            "canMoveItemWithinDrive": true,
            "canReadRevisions": false,
            "canRemoveChildren": true,
            "canRemoveMyDriveParent": true,
            "canRename": true,
            "canShare": true,
            "canTrash": true,
            "canUntrash": true
           },
           "viewersCanCopyContent": true,
           "copyRequiresWriterPermission": false,
           "writersCanShare": true,
           "permissions": [
            {
             "kind": "drive#permission",
             "id": "09109446299227804908",
             "type": "user",
             "emailAddress": "trackdown.rpackage@gmail.com",
             "role": "owner",
             "displayName": "trackdown rpackage",
             "deleted": false
            }
           ],
           "permissionIds": [
            "09109446299227804908"
           ],
           "folderColorRgb": "#8f8f8f",
           "quotaBytesUsed": "0",
           "isAppAuthorized": false
          }
         ]
        }
  recorded_at: 2021-03-31 08:48:04 GMT
  recorded_with: vcr/0.6.0, webmockr/0.7.4
- request:
    method: get
    uri: https://www.googleapis.com/drive/v3/files?orderBy=recency%20desc&q=%28%271CB3g50fT5m1LHMl3-lPiuoKd7v3jeYgb%27%20in%20parents%29%20and%20%28name%20%3D%20%27update_example%27%29%20and%20%28trashed%20%3D%20false%29&supportsTeamDrives=TRUE&fields=%2A
    body:
      encoding: ''
      string: ''
    headers:
      Accept: application/json, text/xml, application/xml, */*
      Authorization: My bearer token is safe
  response:
    status:
      status_code: 200
      category: Success
      reason: OK
      message: 'Success: (200) OK'
    headers:
      alt-svc: h3-29=":443"; ma=2592000,h3-T051=":443"; ma=2592000,h3-Q050=":443";
        ma=2592000,h3-Q046=":443"; ma=2592000,h3-Q043=":443"; ma=2592000,quic=":443";
        ma=2592000; v="46,43"
      cache-control: no-cache, no-store, max-age=0, must-revalidate
      content-encoding: gzip
      content-length: '1145'
      content-security-policy: frame-ancestors 'self'
      content-type: application/json; charset=UTF-8
      date: Wed, 31 Mar 2021 08:47:59 GMT
      expires: Mon, 01 Jan 1990 00:00:00 GMT
      pragma: no-cache
      server: GSE
      vary:
      - Origin
      - X-Origin
      x-content-type-options: nosniff
      x-frame-options: SAMEORIGIN
      x-xss-protection: 1; mode=block
    body:
      encoding: UTF-8
      file: no
      string: |
        {
         "kind": "drive#fileList",
         "incompleteSearch": false,
         "files": [
          {
           "kind": "drive#file",
           "id": "1-3sgZwccsDmWuer_YCR2A50vQs4NoDWsTofHQS4nr04",
           "name": "update_example",
           "mimeType": "application/vnd.google-apps.document",
           "starred": false,
           "trashed": false,
           "explicitlyTrashed": false,
           "parents": [
            "1CB3g50fT5m1LHMl3-lPiuoKd7v3jeYgb"
           ],
           "spaces": [
            "drive"
           ],
           "version": "17",
           "webContentLink": "https://drive.google.com/uc?id=1-3sgZwccsDmWuer_YCR2A50vQs4NoDWsTofHQS4nr04&export=download",
           "webViewLink": "https://docs.google.com/document/d/1-3sgZwccsDmWuer_YCR2A50vQs4NoDWsTofHQS4nr04/edit?usp=drivesdk",
           "iconLink": "https://drive-thirdparty.googleusercontent.com/16/type/application/vnd.google-apps.document",
           "hasThumbnail": true,
           "thumbnailLink": "https://docs.google.com/feeds/vt?gd=true&id=1-3sgZwccsDmWuer_YCR2A50vQs4NoDWsTofHQS4nr04&v=4&s=AMedNnoAAAAAYGRTXzte6P-ifKLeUehQfg5YDdCD7Cai&sz=s220",
           "thumbnailVersion": "4",
           "viewedByMe": true,
           "viewedByMeTime": "2021-03-31T08:42:23.493Z",
           "createdTime": "2021-03-31T08:27:15.767Z",
           "modifiedTime": "2021-03-31T08:46:43.919Z",
           "modifiedByMeTime": "2021-03-31T08:46:43.919Z",
           "modifiedByMe": true,
           "owners": [
            {
             "kind": "drive#user",
             "displayName": "trackdown rpackage",
             "me": true,
             "permissionId": "09109446299227804908",
             "emailAddress": "trackdown.rpackage@gmail.com"
            }
           ],
           "lastModifyingUser": {
            "kind": "drive#user",
            "displayName": "trackdown rpackage",
            "me": true,
            "permissionId": "09109446299227804908",
            "emailAddress": "trackdown.rpackage@gmail.com"
           },
           "shared": false,
           "ownedByMe": true,
           "capabilities": {
            "canAddChildren": false,
            "canAddMyDriveParent": false,
            "canChangeCopyRequiresWriterPermission": true,
            "canChangeViewersCanCopyContent": true,
            "canComment": true,
            "canCopy": true,
            "canDelete": true,
            "canDownload": true,
            "canEdit": true,
            "canListChildren": false,
            "canModifyContent": true,
            "canMoveChildrenWithinDrive": false,
            "canMoveItemIntoTeamDrive": true,
            "canMoveItemOutOfDrive": true,
            "canMoveItemWithinDrive": true,
            "canReadRevisions": true,
            "canRemoveChildren": false,
            "canRemoveMyDriveParent": true,
            "canRename": true,
            "canShare": true,
            "canTrash": true,
            "canUntrash": true
           },
           "viewersCanCopyContent": true,
           "copyRequiresWriterPermission": false,
           "writersCanShare": true,
           "permissions": [
            {
             "kind": "drive#permission",
             "id": "09109446299227804908",
             "type": "user",
             "emailAddress": "trackdown.rpackage@gmail.com",
             "role": "owner",
             "displayName": "trackdown rpackage",
             "deleted": false
            }
           ],
           "permissionIds": [
            "09109446299227804908"
           ],
           "quotaBytesUsed": "0",
           "isAppAuthorized": true,
           "exportLinks": {
            "application/rtf": "https://docs.google.com/feeds/download/documents/export/Export?id=1-3sgZwccsDmWuer_YCR2A50vQs4NoDWsTofHQS4nr04&exportFormat=rtf",
            "application/vnd.oasis.opendocument.text": "https://docs.google.com/feeds/download/documents/export/Export?id=1-3sgZwccsDmWuer_YCR2A50vQs4NoDWsTofHQS4nr04&exportFormat=odt",
            "text/html": "https://docs.google.com/feeds/download/documents/export/Export?id=1-3sgZwccsDmWuer_YCR2A50vQs4NoDWsTofHQS4nr04&exportFormat=html",
            "application/pdf": "https://docs.google.com/feeds/download/documents/export/Export?id=1-3sgZwccsDmWuer_YCR2A50vQs4NoDWsTofHQS4nr04&exportFormat=pdf",
            "application/epub+zip": "https://docs.google.com/feeds/download/documents/export/Export?id=1-3sgZwccsDmWuer_YCR2A50vQs4NoDWsTofHQS4nr04&exportFormat=epub",
            "application/zip": "https://docs.google.com/feeds/download/documents/export/Export?id=1-3sgZwccsDmWuer_YCR2A50vQs4NoDWsTofHQS4nr04&exportFormat=zip",
            "application/vnd.openxmlformats-officedocument.wordprocessingml.document": "https://docs.google.com/feeds/download/documents/export/Export?id=1-3sgZwccsDmWuer_YCR2A50vQs4NoDWsTofHQS4nr04&exportFormat=docx",
            "text/plain": "https://docs.google.com/feeds/download/documents/export/Export?id=1-3sgZwccsDmWuer_YCR2A50vQs4NoDWsTofHQS4nr04&exportFormat=txt"
           }
          }
         ]
        }
  recorded_at: 2021-03-31 08:48:04 GMT
  recorded_with: vcr/0.6.0, webmockr/0.7.4
- request:
    method: get
    uri: https://www.googleapis.com/drive/v3/files?orderBy=recency%20desc&q=%28%27root%27%20in%20parents%29%20and%20%28trashed%20%3D%20false%29&supportsTeamDrives=TRUE&fields=%2A
    body:
      encoding: ''
      string: ''
    headers:
      Accept: application/json, text/xml, application/xml, */*
      Authorization: My bearer token is safe
  response:
    status:
      status_code: 200
      category: Success
      reason: OK
      message: 'Success: (200) OK'
    headers:
      alt-svc: h3-29=":443"; ma=2592000,h3-T051=":443"; ma=2592000,h3-Q050=":443";
        ma=2592000,h3-Q046=":443"; ma=2592000,h3-Q043=":443"; ma=2592000,quic=":443";
        ma=2592000; v="46,43"
      cache-control: no-cache, no-store, max-age=0, must-revalidate
      content-encoding: gzip
      content-length: '1592'
      content-security-policy: frame-ancestors 'self'
      content-type: application/json; charset=UTF-8
      date: Wed, 31 Mar 2021 08:48:00 GMT
      expires: Mon, 01 Jan 1990 00:00:00 GMT
      pragma: no-cache
      server: GSE
      vary:
      - Origin
      - X-Origin
      x-content-type-options: nosniff
      x-frame-options: SAMEORIGIN
      x-xss-protection: 1; mode=block
    body:
      encoding: UTF-8
      file: no
      string: |
        {
         "kind": "drive#fileList",
         "incompleteSearch": false,
         "files": [
          {
           "kind": "drive#file",
           "id": "1CB3g50fT5m1LHMl3-lPiuoKd7v3jeYgb",
           "name": "writing_folder",
           "mimeType": "application/vnd.google-apps.folder",
           "starred": false,
           "trashed": false,
           "explicitlyTrashed": false,
           "parents": [
            "0APbXnIs35pMSUk9PVA"
           ],
           "spaces": [
            "drive"
           ],
           "version": "11",
           "webViewLink": "https://drive.google.com/drive/folders/1CB3g50fT5m1LHMl3-lPiuoKd7v3jeYgb",
           "iconLink": "https://drive-thirdparty.googleusercontent.com/16/type/application/vnd.google-apps.folder",
           "hasThumbnail": false,
           "thumbnailVersion": "0",
           "viewedByMe": true,
           "viewedByMeTime": "2021-03-31T08:16:51.255Z",
           "createdTime": "2021-03-10T08:02:58.655Z",
           "modifiedTime": "2021-03-10T08:02:58.655Z",
           "modifiedByMeTime": "2021-03-10T08:02:58.655Z",
           "modifiedByMe": true,
           "owners": [
            {
             "kind": "drive#user",
             "displayName": "trackdown rpackage",
             "me": true,
             "permissionId": "09109446299227804908",
             "emailAddress": "trackdown.rpackage@gmail.com"
            }
           ],
           "lastModifyingUser": {
            "kind": "drive#user",
            "displayName": "trackdown rpackage",
            "me": true,
            "permissionId": "09109446299227804908",
            "emailAddress": "trackdown.rpackage@gmail.com"
           },
           "shared": false,
           "ownedByMe": true,
           "capabilities": {
            "canAddChildren": true,
            "canAddMyDriveParent": false,
            "canChangeCopyRequiresWriterPermission": false,
            "canChangeViewersCanCopyContent": false,
            "canComment": true,
            "canCopy": false,
            "canDelete": true,
            "canDownload": true,
            "canEdit": true,
            "canListChildren": true,
            "canModifyContent": true,
            "canMoveChildrenWithinDrive": true,
            "canMoveItemIntoTeamDrive": true,
            "canMoveItemOutOfDrive": true,
            "canMoveItemWithinDrive": true,
            "canReadRevisions": false,
            "canRemoveChildren": true,
            "canRemoveMyDriveParent": true,
            "canRename": true,
            "canShare": true,
            "canTrash": true,
            "canUntrash": true
           },
           "viewersCanCopyContent": true,
           "copyRequiresWriterPermission": false,
           "writersCanShare": true,
           "permissions": [
            {
             "kind": "drive#permission",
             "id": "09109446299227804908",
             "type": "user",
             "emailAddress": "trackdown.rpackage@gmail.com",
             "role": "owner",
             "displayName": "trackdown rpackage",
             "deleted": false
            }
           ],
           "permissionIds": [
            "09109446299227804908"
           ],
           "folderColorRgb": "#8f8f8f",
           "quotaBytesUsed": "0",
           "isAppAuthorized": false
          },
          {
           "kind": "drive#file",
           "id": "1Ow7GM1dLfu31eygq9Dc8tG6b5IMdD2mr",
           "name": "reading_folder",
           "mimeType": "application/vnd.google-apps.folder",
           "starred": false,
           "trashed": false,
           "explicitlyTrashed": false,
           "parents": [
            "0APbXnIs35pMSUk9PVA"
           ],
           "spaces": [
            "drive"
           ],
           "version": "29",
           "webViewLink": "https://drive.google.com/drive/folders/1Ow7GM1dLfu31eygq9Dc8tG6b5IMdD2mr",
           "iconLink": "https://drive-thirdparty.googleusercontent.com/16/type/application/vnd.google-apps.folder",
           "hasThumbnail": false,
           "thumbnailVersion": "0",
           "viewedByMe": true,
           "viewedByMeTime": "2021-03-31T08:16:47.770Z",
           "createdTime": "2021-03-10T08:03:32.695Z",
           "modifiedTime": "2021-03-10T08:03:32.695Z",
           "modifiedByMeTime": "2021-03-10T08:03:32.695Z",
           "modifiedByMe": true,
           "owners": [
            {
             "kind": "drive#user",
             "displayName": "trackdown rpackage",
             "me": true,
             "permissionId": "09109446299227804908",
             "emailAddress": "trackdown.rpackage@gmail.com"
            }
           ],
           "lastModifyingUser": {
            "kind": "drive#user",
            "displayName": "trackdown rpackage",
            "me": true,
            "permissionId": "09109446299227804908",
            "emailAddress": "trackdown.rpackage@gmail.com"
           },
           "shared": false,
           "ownedByMe": true,
           "capabilities": {
            "canAddChildren": true,
            "canAddMyDriveParent": false,
            "canChangeCopyRequiresWriterPermission": false,
            "canChangeViewersCanCopyContent": false,
            "canComment": true,
            "canCopy": false,
            "canDelete": true,
            "canDownload": true,
            "canEdit": true,
            "canListChildren": true,
            "canModifyContent": true,
            "canMoveChildrenWithinDrive": true,
            "canMoveItemIntoTeamDrive": true,
            "canMoveItemOutOfDrive": true,
            "canMoveItemWithinDrive": true,
            "canReadRevisions": false,
            "canRemoveChildren": true,
            "canRemoveMyDriveParent": true,
            "canRename": true,
            "canShare": true,
            "canTrash": true,
            "canUntrash": true
           },
           "viewersCanCopyContent": true,
           "copyRequiresWriterPermission": false,
           "writersCanShare": true,
           "permissions": [
            {
             "kind": "drive#permission",
             "id": "09109446299227804908",
             "type": "user",
             "emailAddress": "trackdown.rpackage@gmail.com",
             "role": "owner",
             "displayName": "trackdown rpackage",
             "deleted": false
            }
           ],
           "permissionIds": [
            "09109446299227804908"
           ],
           "folderColorRgb": "#8f8f8f",
           "quotaBytesUsed": "0",
           "isAppAuthorized": false
          },
          {
           "kind": "drive#file",
           "id": "1sxM4x4LrBz3dyK1Ghk3xO4YfKVAYbtNG",
           "name": "trackdown",
           "mimeType": "application/vnd.google-apps.folder",
           "starred": false,
           "trashed": false,
           "explicitlyTrashed": false,
           "parents": [
            "0APbXnIs35pMSUk9PVA"
           ],
           "spaces": [
            "drive"
           ],
           "version": "9",
           "webViewLink": "https://drive.google.com/drive/folders/1sxM4x4LrBz3dyK1Ghk3xO4YfKVAYbtNG",
           "iconLink": "https://drive-thirdparty.googleusercontent.com/16/type/application/vnd.google-apps.folder",
           "hasThumbnail": false,
           "thumbnailVersion": "0",
           "viewedByMe": true,
           "viewedByMeTime": "2021-03-30T17:27:30.399Z",
           "createdTime": "2021-03-30T08:10:27.528Z",
           "modifiedTime": "2021-03-30T08:10:27.528Z",
           "modifiedByMeTime": "2021-03-30T08:10:27.528Z",
           "modifiedByMe": true,
           "owners": [
            {
             "kind": "drive#user",
             "displayName": "trackdown rpackage",
             "me": true,
             "permissionId": "09109446299227804908",
             "emailAddress": "trackdown.rpackage@gmail.com"
            }
           ],
           "lastModifyingUser": {
            "kind": "drive#user",
            "displayName": "trackdown rpackage",
            "me": true,
            "permissionId": "09109446299227804908",
            "emailAddress": "trackdown.rpackage@gmail.com"
           },
           "shared": false,
           "ownedByMe": true,
           "capabilities": {
            "canAddChildren": true,
            "canAddMyDriveParent": false,
            "canChangeCopyRequiresWriterPermission": false,
            "canChangeViewersCanCopyContent": false,
            "canComment": true,
            "canCopy": false,
            "canDelete": true,
            "canDownload": true,
            "canEdit": true,
            "canListChildren": true,
            "canModifyContent": true,
            "canMoveChildrenWithinDrive": true,
            "canMoveItemIntoTeamDrive": true,
            "canMoveItemOutOfDrive": true,
            "canMoveItemWithinDrive": true,
            "canReadRevisions": false,
            "canRemoveChildren": true,
            "canRemoveMyDriveParent": true,
            "canRename": true,
            "canShare": true,
            "canTrash": true,
            "canUntrash": true
           },
           "viewersCanCopyContent": true,
           "copyRequiresWriterPermission": false,
           "writersCanShare": true,
           "permissions": [
            {
             "kind": "drive#permission",
             "id": "09109446299227804908",
             "type": "user",
             "emailAddress": "trackdown.rpackage@gmail.com",
             "role": "owner",
             "displayName": "trackdown rpackage",
             "deleted": false
            }
           ],
           "permissionIds": [
            "09109446299227804908"
           ],
           "folderColorRgb": "#8f8f8f",
           "quotaBytesUsed": "0",
           "isAppAuthorized": true
          },
          {
           "kind": "drive#file",
           "id": "1JdS_6BTBSUjuuGaldVVtnXecrt8oC5dV",
           "name": "examples",
           "mimeType": "application/vnd.google-apps.folder",
           "starred": false,
           "trashed": false,
           "explicitlyTrashed": false,
           "parents": [
            "0APbXnIs35pMSUk9PVA"
           ],
           "spaces": [
            "drive"
           ],
           "version": "5",
           "webViewLink": "https://drive.google.com/drive/folders/1JdS_6BTBSUjuuGaldVVtnXecrt8oC5dV",
           "iconLink": "https://drive-thirdparty.googleusercontent.com/16/type/application/vnd.google-apps.folder",
           "hasThumbnail": false,
           "thumbnailVersion": "0",
           "viewedByMe": true,
           "viewedByMeTime": "2021-03-30T13:56:37.257Z",
           "createdTime": "2021-03-30T13:43:10.018Z",
           "modifiedTime": "2021-03-30T13:43:17.439Z",
           "modifiedByMeTime": "2021-03-30T13:43:17.439Z",
           "modifiedByMe": true,
           "owners": [
            {
             "kind": "drive#user",
             "displayName": "trackdown rpackage",
             "me": true,
             "permissionId": "09109446299227804908",
             "emailAddress": "trackdown.rpackage@gmail.com"
            }
           ],
           "lastModifyingUser": {
            "kind": "drive#user",
            "displayName": "trackdown rpackage",
            "me": true,
            "permissionId": "09109446299227804908",
            "emailAddress": "trackdown.rpackage@gmail.com"
           },
           "shared": false,
           "ownedByMe": true,
           "capabilities": {
            "canAddChildren": true,
            "canAddMyDriveParent": false,
            "canChangeCopyRequiresWriterPermission": false,
            "canChangeViewersCanCopyContent": false,
            "canComment": true,
            "canCopy": false,
            "canDelete": true,
            "canDownload": true,
            "canEdit": true,
            "canListChildren": true,
            "canModifyContent": true,
            "canMoveChildrenWithinDrive": true,
            "canMoveItemIntoTeamDrive": true,
            "canMoveItemOutOfDrive": true,
            "canMoveItemWithinDrive": true,
            "canReadRevisions": false,
            "canRemoveChildren": true,
            "canRemoveMyDriveParent": true,
            "canRename": true,
            "canShare": true,
            "canTrash": true,
            "canUntrash": true
           },
           "viewersCanCopyContent": true,
           "copyRequiresWriterPermission": false,
           "writersCanShare": true,
           "permissions": [
            {
             "kind": "drive#permission",
             "id": "09109446299227804908",
             "type": "user",
             "emailAddress": "trackdown.rpackage@gmail.com",
             "role": "owner",
             "displayName": "trackdown rpackage",
             "deleted": false
            }
           ],
           "permissionIds": [
            "09109446299227804908"
           ],
           "folderColorRgb": "#8f8f8f",
           "quotaBytesUsed": "0",
           "isAppAuthorized": false
          },
          {
           "kind": "drive#file",
           "id": "1wawg2T1bCeRTkYlrdoqbIXj59ASB_x2NZXz903yCCag",
           "name": "Hello-World",
           "mimeType": "application/vnd.google-apps.document",
           "starred": false,
           "trashed": false,
           "explicitlyTrashed": false,
           "parents": [
            "0APbXnIs35pMSUk9PVA"
           ],
           "spaces": [
            "drive"
           ],
           "version": "7",
           "webViewLink": "https://docs.google.com/document/d/1wawg2T1bCeRTkYlrdoqbIXj59ASB_x2NZXz903yCCag/edit?usp=drivesdk",
           "iconLink": "https://drive-thirdparty.googleusercontent.com/16/type/application/vnd.google-apps.document",
           "hasThumbnail": true,
           "thumbnailLink": "https://docs.google.com/feeds/vt?gd=true&id=1wawg2T1bCeRTkYlrdoqbIXj59ASB_x2NZXz903yCCag&v=3&s=AMedNnoAAAAAYGRTYAD9ZyT9gcLJNmVJHtNRKI8wg-wo&sz=s220",
           "thumbnailVersion": "3",
           "viewedByMe": true,
           "viewedByMeTime": "2021-03-10T09:02:59.300Z",
           "createdTime": "2021-03-10T09:02:49.123Z",
           "modifiedTime": "2021-03-10T09:02:59.300Z",
           "modifiedByMeTime": "2021-03-10T09:02:59.300Z",
           "modifiedByMe": true,
           "owners": [
            {
             "kind": "drive#user",
             "displayName": "trackdown rpackage",
             "me": true,
             "permissionId": "09109446299227804908",
             "emailAddress": "trackdown.rpackage@gmail.com"
            }
           ],
           "lastModifyingUser": {
            "kind": "drive#user",
            "displayName": "trackdown rpackage",
            "me": true,
            "permissionId": "09109446299227804908",
            "emailAddress": "trackdown.rpackage@gmail.com"
           },
           "shared": false,
           "ownedByMe": true,
           "capabilities": {
            "canAddChildren": false,
            "canAddMyDriveParent": false,
            "canChangeCopyRequiresWriterPermission": true,
            "canChangeViewersCanCopyContent": true,
            "canComment": true,
            "canCopy": true,
            "canDelete": true,
            "canDownload": true,
            "canEdit": true,
            "canListChildren": false,
            "canModifyContent": true,
            "canMoveChildrenWithinDrive": false,
            "canMoveItemIntoTeamDrive": true,
            "canMoveItemOutOfDrive": true,
            "canMoveItemWithinDrive": true,
            "canReadRevisions": true,
            "canRemoveChildren": false,
            "canRemoveMyDriveParent": true,
            "canRename": true,
            "canShare": true,
            "canTrash": true,
            "canUntrash": true
           },
           "viewersCanCopyContent": true,
           "copyRequiresWriterPermission": false,
           "writersCanShare": true,
           "permissions": [
            {
             "kind": "drive#permission",
             "id": "09109446299227804908",
             "type": "user",
             "emailAddress": "trackdown.rpackage@gmail.com",
             "role": "owner",
             "displayName": "trackdown rpackage",
             "deleted": false
            }
           ],
           "permissionIds": [
            "09109446299227804908"
           ],
           "quotaBytesUsed": "0",
           "isAppAuthorized": false,
           "exportLinks": {
            "application/rtf": "https://docs.google.com/feeds/download/documents/export/Export?id=1wawg2T1bCeRTkYlrdoqbIXj59ASB_x2NZXz903yCCag&exportFormat=rtf",
            "application/vnd.oasis.opendocument.text": "https://docs.google.com/feeds/download/documents/export/Export?id=1wawg2T1bCeRTkYlrdoqbIXj59ASB_x2NZXz903yCCag&exportFormat=odt",
            "text/html": "https://docs.google.com/feeds/download/documents/export/Export?id=1wawg2T1bCeRTkYlrdoqbIXj59ASB_x2NZXz903yCCag&exportFormat=html",
            "application/pdf": "https://docs.google.com/feeds/download/documents/export/Export?id=1wawg2T1bCeRTkYlrdoqbIXj59ASB_x2NZXz903yCCag&exportFormat=pdf",
            "application/epub+zip": "https://docs.google.com/feeds/download/documents/export/Export?id=1wawg2T1bCeRTkYlrdoqbIXj59ASB_x2NZXz903yCCag&exportFormat=epub",
            "application/zip": "https://docs.google.com/feeds/download/documents/export/Export?id=1wawg2T1bCeRTkYlrdoqbIXj59ASB_x2NZXz903yCCag&exportFormat=zip",
            "application/vnd.openxmlformats-officedocument.wordprocessingml.document": "https://docs.google.com/feeds/download/documents/export/Export?id=1wawg2T1bCeRTkYlrdoqbIXj59ASB_x2NZXz903yCCag&exportFormat=docx",
            "text/plain": "https://docs.google.com/feeds/download/documents/export/Export?id=1wawg2T1bCeRTkYlrdoqbIXj59ASB_x2NZXz903yCCag&exportFormat=txt"
           }
          }
         ]
        }
  recorded_at: 2021-03-31 08:48:04 GMT
  recorded_with: vcr/0.6.0, webmockr/0.7.4
- request:
    method: get
    uri: https://www.googleapis.com/drive/v3/files/0APbXnIs35pMSUk9PVA?supportsTeamDrives=TRUE&fields=%2A
    body:
      encoding: ''
      string: ''
    headers:
      Accept: application/json, text/xml, application/xml, */*
      Authorization: My bearer token is safe
  response:
    status:
      status_code: 200
      category: Success
      reason: OK
      message: 'Success: (200) OK'
    headers:
      alt-svc: h3-29=":443"; ma=2592000,h3-T051=":443"; ma=2592000,h3-Q050=":443";
        ma=2592000,h3-Q046=":443"; ma=2592000,h3-Q043=":443"; ma=2592000,quic=":443";
        ma=2592000; v="46,43"
      cache-control: no-cache, no-store, max-age=0, must-revalidate
      content-encoding: gzip
      content-length: '748'
      content-security-policy: frame-ancestors 'self'
      content-type: application/json; charset=UTF-8
      date: Wed, 31 Mar 2021 08:48:00 GMT
      expires: Mon, 01 Jan 1990 00:00:00 GMT
      pragma: no-cache
      server: GSE
      vary:
      - Origin
      - X-Origin
      x-content-type-options: nosniff
      x-frame-options: SAMEORIGIN
      x-xss-protection: 1; mode=block
    body:
      encoding: UTF-8
      file: no
      string: |
        {
         "kind": "drive#file",
         "id": "0APbXnIs35pMSUk9PVA",
         "name": "My Drive",
         "mimeType": "application/vnd.google-apps.folder",
         "starred": false,
         "trashed": false,
         "explicitlyTrashed": false,
         "spaces": [
          "drive"
         ],
         "version": "1",
         "webViewLink": "https://drive.google.com/drive/folders/0APbXnIs35pMSUk9PVA",
         "iconLink": "https://drive-thirdparty.googleusercontent.com/16/type/application/vnd.google-apps.folder",
         "hasThumbnail": false,
         "thumbnailVersion": "0",
         "viewedByMe": false,
         "createdTime": "2021-03-10T08:02:33.383Z",
         "modifiedTime": "2021-03-10T08:02:33.383Z",
         "modifiedByMe": false,
         "owners": [
          {
           "kind": "drive#user",
           "displayName": "trackdown rpackage",
           "me": true,
           "permissionId": "09109446299227804908",
           "emailAddress": "trackdown.rpackage@gmail.com"
          }
         ],
         "lastModifyingUser": {
          "kind": "drive#user",
          "displayName": "trackdown rpackage",
          "me": true,
          "permissionId": "09109446299227804908",
          "emailAddress": "trackdown.rpackage@gmail.com"
         },
         "shared": false,
         "ownedByMe": true,
         "capabilities": {
          "canAddChildren": true,
          "canAddMyDriveParent": true,
          "canChangeCopyRequiresWriterPermission": false,
          "canChangeViewersCanCopyContent": false,
          "canComment": true,
          "canCopy": false,
          "canDelete": true,
          "canDownload": true,
          "canEdit": true,
          "canListChildren": true,
          "canModifyContent": true,
          "canMoveChildrenWithinDrive": true,
          "canMoveItemIntoTeamDrive": true,
          "canMoveItemOutOfDrive": true,
          "canMoveItemWithinDrive": true,
          "canReadRevisions": false,
          "canRemoveChildren": true,
          "canRemoveMyDriveParent": true,
          "canRename": true,
          "canShare": true,
          "canTrash": true,
          "canUntrash": true
         },
         "viewersCanCopyContent": true,
         "copyRequiresWriterPermission": false,
         "writersCanShare": true,
         "permissions": [
          {
           "kind": "drive#permission",
           "id": "09109446299227804908",
           "type": "user",
           "emailAddress": "trackdown.rpackage@gmail.com",
           "role": "owner",
           "displayName": "trackdown rpackage",
           "deleted": false
          }
         ],
         "permissionIds": [
          "09109446299227804908"
         ],
         "folderColorRgb": "#8f8f8f",
         "quotaBytesUsed": "0",
         "isAppAuthorized": false
        }
  recorded_at: 2021-03-31 08:48:04 GMT
  recorded_with: vcr/0.6.0, webmockr/0.7.4
- request:
    method: get
    uri: https://www.googleapis.com/drive/v3/files?orderBy=recency%20desc&q=%28%270APbXnIs35pMSUk9PVA%27%20in%20parents%29%20and%20%28mimeType%20%3D%20%27application%2Fvnd.google-apps.folder%27%29%20and%20%28name%20%3D%20%27writing_folder%27%29%20and%20%28trashed%20%3D%20false%29&supportsTeamDrives=TRUE&fields=%2A
    body:
      encoding: ''
      string: ''
    headers:
      Accept: application/json, text/xml, application/xml, */*
      Authorization: My bearer token is safe
  response:
    status:
      status_code: 200
      category: Success
      reason: OK
      message: 'Success: (200) OK'
    headers:
      alt-svc: h3-29=":443"; ma=2592000,h3-T051=":443"; ma=2592000,h3-Q050=":443";
        ma=2592000,h3-Q046=":443"; ma=2592000,h3-Q043=":443"; ma=2592000,quic=":443";
        ma=2592000; v="46,43"
      cache-control: no-cache, no-store, max-age=0, must-revalidate
      content-encoding: gzip
      content-length: '851'
      content-security-policy: frame-ancestors 'self'
      content-type: application/json; charset=UTF-8
      date: Wed, 31 Mar 2021 08:48:00 GMT
      expires: Mon, 01 Jan 1990 00:00:00 GMT
      pragma: no-cache
      server: GSE
      vary:
      - Origin
      - X-Origin
      x-content-type-options: nosniff
      x-frame-options: SAMEORIGIN
      x-xss-protection: 1; mode=block
    body:
      encoding: UTF-8
      file: no
      string: |
        {
         "kind": "drive#fileList",
         "incompleteSearch": false,
         "files": [
          {
           "kind": "drive#file",
           "id": "1CB3g50fT5m1LHMl3-lPiuoKd7v3jeYgb",
           "name": "writing_folder",
           "mimeType": "application/vnd.google-apps.folder",
           "starred": false,
           "trashed": false,
           "explicitlyTrashed": false,
           "parents": [
            "0APbXnIs35pMSUk9PVA"
           ],
           "spaces": [
            "drive"
           ],
           "version": "11",
           "webViewLink": "https://drive.google.com/drive/folders/1CB3g50fT5m1LHMl3-lPiuoKd7v3jeYgb",
           "iconLink": "https://drive-thirdparty.googleusercontent.com/16/type/application/vnd.google-apps.folder",
           "hasThumbnail": false,
           "thumbnailVersion": "0",
           "viewedByMe": true,
           "viewedByMeTime": "2021-03-31T08:16:51.255Z",
           "createdTime": "2021-03-10T08:02:58.655Z",
           "modifiedTime": "2021-03-10T08:02:58.655Z",
           "modifiedByMeTime": "2021-03-10T08:02:58.655Z",
           "modifiedByMe": true,
           "owners": [
            {
             "kind": "drive#user",
             "displayName": "trackdown rpackage",
             "me": true,
             "permissionId": "09109446299227804908",
             "emailAddress": "trackdown.rpackage@gmail.com"
            }
           ],
           "lastModifyingUser": {
            "kind": "drive#user",
            "displayName": "trackdown rpackage",
            "me": true,
            "permissionId": "09109446299227804908",
            "emailAddress": "trackdown.rpackage@gmail.com"
           },
           "shared": false,
           "ownedByMe": true,
           "capabilities": {
            "canAddChildren": true,
            "canAddMyDriveParent": false,
            "canChangeCopyRequiresWriterPermission": false,
            "canChangeViewersCanCopyContent": false,
            "canComment": true,
            "canCopy": false,
            "canDelete": true,
            "canDownload": true,
            "canEdit": true,
            "canListChildren": true,
            "canModifyContent": true,
            "canMoveChildrenWithinDrive": true,
            "canMoveItemIntoTeamDrive": true,
            "canMoveItemOutOfDrive": true,
            "canMoveItemWithinDrive": true,
            "canReadRevisions": false,
            "canRemoveChildren": true,
            "canRemoveMyDriveParent": true,
            "canRename": true,
            "canShare": true,
            "canTrash": true,
            "canUntrash": true
           },
           "viewersCanCopyContent": true,
           "copyRequiresWriterPermission": false,
           "writersCanShare": true,
           "permissions": [
            {
             "kind": "drive#permission",
             "id": "09109446299227804908",
             "type": "user",
             "emailAddress": "trackdown.rpackage@gmail.com",
             "role": "owner",
             "displayName": "trackdown rpackage",
             "deleted": false
            }
           ],
           "permissionIds": [
            "09109446299227804908"
           ],
           "folderColorRgb": "#8f8f8f",
           "quotaBytesUsed": "0",
           "isAppAuthorized": false
          }
         ]
        }
  recorded_at: 2021-03-31 08:48:04 GMT
  recorded_with: vcr/0.6.0, webmockr/0.7.4
- request:
    method: get
    uri: https://www.googleapis.com/drive/v3/files?orderBy=recency%20desc&q=%28%271CB3g50fT5m1LHMl3-lPiuoKd7v3jeYgb%27%20in%20parents%29%20and%20%28name%20%3D%20%27update_example-output%27%29%20and%20%28trashed%20%3D%20false%29&supportsTeamDrives=TRUE&fields=%2A
    body:
      encoding: ''
      string: ''
    headers:
      Accept: application/json, text/xml, application/xml, */*
      Authorization: My bearer token is safe
  response:
    status:
      status_code: 200
      category: Success
      reason: OK
      message: 'Success: (200) OK'
    headers:
      alt-svc: h3-29=":443"; ma=2592000,h3-T051=":443"; ma=2592000,h3-Q050=":443";
        ma=2592000,h3-Q046=":443"; ma=2592000,h3-Q043=":443"; ma=2592000,quic=":443";
        ma=2592000; v="46,43"
      cache-control: no-cache, no-store, max-age=0, must-revalidate
      content-encoding: gzip
      content-length: '1096'
      content-security-policy: frame-ancestors 'self'
      content-type: application/json; charset=UTF-8
      date: Wed, 31 Mar 2021 08:48:01 GMT
      expires: Mon, 01 Jan 1990 00:00:00 GMT
      pragma: no-cache
      server: GSE
      vary:
      - Origin
      - X-Origin
      x-content-type-options: nosniff
      x-frame-options: SAMEORIGIN
      x-xss-protection: 1; mode=block
    body:
      encoding: UTF-8
      file: no
      string: |
        {
         "kind": "drive#fileList",
         "incompleteSearch": false,
         "files": [
          {
           "kind": "drive#file",
           "id": "1WwaXVIUP3ezt3qCitSMfh7P-l-k-5z9-",
           "name": "update_example-output",
           "mimeType": "application/pdf",
           "starred": false,
           "trashed": false,
           "explicitlyTrashed": false,
           "parents": [
            "1CB3g50fT5m1LHMl3-lPiuoKd7v3jeYgb"
           ],
           "spaces": [
            "drive"
           ],
           "version": "4",
           "webContentLink": "https://drive.google.com/uc?id=1WwaXVIUP3ezt3qCitSMfh7P-l-k-5z9-&export=download",
           "webViewLink": "https://drive.google.com/file/d/1WwaXVIUP3ezt3qCitSMfh7P-l-k-5z9-/view?usp=drivesdk",
           "iconLink": "https://drive-thirdparty.googleusercontent.com/16/type/application/pdf",
           "hasThumbnail": true,
           "thumbnailLink": "https://lh3.googleusercontent.com/l1JA_SuasxyWATGXB_HAFFRV25TLpf7Uj5E-qRmfqchTg18MsNk2CjWxi5cm5raOPNhokOibhT7f0qk=s220",
           "thumbnailVersion": "3",
           "viewedByMe": false,
           "createdTime": "2021-03-31T08:30:51.212Z",
           "modifiedTime": "2021-03-31T08:44:00.998Z",
           "modifiedByMeTime": "2021-03-31T08:44:00.998Z",
           "modifiedByMe": true,
           "owners": [
            {
             "kind": "drive#user",
             "displayName": "trackdown rpackage",
             "me": true,
             "permissionId": "09109446299227804908",
             "emailAddress": "trackdown.rpackage@gmail.com"
            }
           ],
           "lastModifyingUser": {
            "kind": "drive#user",
            "displayName": "trackdown rpackage",
            "me": true,
            "permissionId": "09109446299227804908",
            "emailAddress": "trackdown.rpackage@gmail.com"
           },
           "shared": false,
           "ownedByMe": true,
           "capabilities": {
            "canAddChildren": false,
            "canAddMyDriveParent": false,
            "canChangeCopyRequiresWriterPermission": true,
            "canChangeViewersCanCopyContent": true,
            "canComment": true,
            "canCopy": true,
            "canDelete": true,
            "canDownload": true,
            "canEdit": true,
            "canListChildren": false,
            "canModifyContent": true,
            "canMoveChildrenWithinDrive": false,
            "canMoveItemIntoTeamDrive": true,
            "canMoveItemOutOfDrive": true,
            "canMoveItemWithinDrive": true,
            "canReadRevisions": true,
            "canRemoveChildren": false,
            "canRemoveMyDriveParent": true,
            "canRename": true,
            "canShare": true,
            "canTrash": true,
            "canUntrash": true
           },
           "viewersCanCopyContent": true,
           "copyRequiresWriterPermission": false,
           "writersCanShare": true,
           "permissions": [
            {
             "kind": "drive#permission",
             "id": "09109446299227804908",
             "type": "user",
             "emailAddress": "trackdown.rpackage@gmail.com",
             "role": "owner",
             "displayName": "trackdown rpackage",
             "deleted": false
            }
           ],
           "permissionIds": [
            "09109446299227804908"
           ],
           "originalFilename": "example_1.pdf",
           "fullFileExtension": "pdf",
           "fileExtension": "",
           "md5Checksum": "eabe85496f9742e5bde5dfcac36420ca",
           "size": "146065",
           "quotaBytesUsed": "146065",
           "headRevisionId": "0B_bXnIs35pMSMnRpc1h0bndBcmNMdHRQczJoL3RmQVU4ZThBPQ",
           "isAppAuthorized": true
          }
         ]
        }
  recorded_at: 2021-03-31 08:48:04 GMT
  recorded_with: vcr/0.6.0, webmockr/0.7.4
- request:
    method: patch
    uri: https://www.googleapis.com/upload/drive/v3/files/1-3sgZwccsDmWuer_YCR2A50vQs4NoDWsTofHQS4nr04?supportsTeamDrives=TRUE&fields=%2A&uploadType=multipart
    body:
      encoding: ''
      string: metadata=list(path = "/private/var/folders/y5/btw5zzhj5jsb6cmlv7x4_q7h0000gp/T/RtmplCP2hA/file34147a4300cb",
        type = "application/json; charset=UTF-8"),media=list(path = "/Users/claudio/Dottorato/Pacchetti/trackdown/tests/testthat/test_files/.temp-example_1.txt",
        type = "text/plain")
    headers:
      Accept: application/json, text/xml, application/xml, */*
      Authorization: My bearer token is safe
  response:
    status:
      status_code: 200
      category: Success
      reason: OK
      message: 'Success: (200) OK'
    headers:
      alt-svc: h3-29=":443"; ma=2592000,h3-T051=":443"; ma=2592000,h3-Q050=":443";
        ma=2592000,h3-Q046=":443"; ma=2592000,h3-Q043=":443"; ma=2592000,quic=":443";
        ma=2592000; v="46,43"
      cache-control: no-cache, no-store, max-age=0, must-revalidate
      content-length: '3951'
      content-type: application/json; charset=UTF-8
      date: Wed, 31 Mar 2021 08:48:02 GMT
      expires: Mon, 01 Jan 1990 00:00:00 GMT
      pragma: no-cache
      server: UploadServer
      vary:
      - Origin
      - X-Origin
      x-guploader-uploadid: ABg5-Uwv2T8D_Ehrv-gK2Dm18ACkj3rF2O6rUfSntV23kPapv8qnwAUyeGaHVmXFb_MqYPMtLkYWeFUMkjVSnm1si9o
    body:
      encoding: UTF-8
      file: no
      string: |
        {
         "kind": "drive#file",
         "id": "1-3sgZwccsDmWuer_YCR2A50vQs4NoDWsTofHQS4nr04",
         "name": "update_example",
         "mimeType": "application/vnd.google-apps.document",
         "starred": false,
         "trashed": false,
         "explicitlyTrashed": false,
         "parents": [
          "1CB3g50fT5m1LHMl3-lPiuoKd7v3jeYgb"
         ],
         "spaces": [
          "drive"
         ],
         "version": "18",
         "webContentLink": "https://drive.google.com/uc?id=1-3sgZwccsDmWuer_YCR2A50vQs4NoDWsTofHQS4nr04&export=download",
         "webViewLink": "https://docs.google.com/document/d/1-3sgZwccsDmWuer_YCR2A50vQs4NoDWsTofHQS4nr04/edit?usp=drivesdk",
         "iconLink": "https://drive-thirdparty.googleusercontent.com/16/type/application/vnd.google-apps.document",
         "hasThumbnail": true,
         "thumbnailLink": "https://docs.google.com/feeds/vt?gd=true&id=1-3sgZwccsDmWuer_YCR2A50vQs4NoDWsTofHQS4nr04&v=4&s=AMedNnoAAAAAYGRTYggVPHQgBBuvMZTeoEq8DwONxrcF&sz=s220",
         "thumbnailVersion": "4",
         "viewedByMe": true,
         "viewedByMeTime": "2021-03-31T08:42:23.493Z",
         "createdTime": "2021-03-31T08:27:15.767Z",
         "modifiedTime": "2021-03-31T08:48:01.602Z",
         "modifiedByMeTime": "2021-03-31T08:48:01.602Z",
         "modifiedByMe": true,
         "owners": [
          {
           "kind": "drive#user",
           "displayName": "trackdown rpackage",
           "me": true,
           "permissionId": "09109446299227804908",
           "emailAddress": "trackdown.rpackage@gmail.com"
          }
         ],
         "lastModifyingUser": {
          "kind": "drive#user",
          "displayName": "trackdown rpackage",
          "me": true,
          "permissionId": "09109446299227804908",
          "emailAddress": "trackdown.rpackage@gmail.com"
         },
         "shared": false,
         "ownedByMe": true,
         "capabilities": {
          "canAddChildren": false,
          "canAddMyDriveParent": false,
          "canChangeCopyRequiresWriterPermission": true,
          "canChangeViewersCanCopyContent": true,
          "canComment": true,
          "canCopy": true,
          "canDelete": true,
          "canDownload": true,
          "canEdit": true,
          "canListChildren": false,
          "canModifyContent": true,
          "canMoveChildrenWithinDrive": false,
          "canMoveItemIntoTeamDrive": true,
          "canMoveItemOutOfDrive": true,
          "canMoveItemWithinDrive": true,
          "canReadRevisions": true,
          "canRemoveChildren": false,
          "canRemoveMyDriveParent": true,
          "canRename": true,
          "canShare": true,
          "canTrash": true,
          "canUntrash": true
         },
         "viewersCanCopyContent": true,
         "copyRequiresWriterPermission": false,
         "writersCanShare": true,
         "permissions": [
          {
           "kind": "drive#permission",
           "id": "09109446299227804908",
           "type": "user",
           "emailAddress": "trackdown.rpackage@gmail.com",
           "role": "owner",
           "displayName": "trackdown rpackage",
           "deleted": false
          }
         ],
         "permissionIds": [
          "09109446299227804908"
         ],
         "quotaBytesUsed": "0",
         "isAppAuthorized": true,
         "exportLinks": {
          "application/rtf": "https://docs.google.com/feeds/download/documents/export/Export?id=1-3sgZwccsDmWuer_YCR2A50vQs4NoDWsTofHQS4nr04&exportFormat=rtf",
          "application/vnd.oasis.opendocument.text": "https://docs.google.com/feeds/download/documents/export/Export?id=1-3sgZwccsDmWuer_YCR2A50vQs4NoDWsTofHQS4nr04&exportFormat=odt",
          "text/html": "https://docs.google.com/feeds/download/documents/export/Export?id=1-3sgZwccsDmWuer_YCR2A50vQs4NoDWsTofHQS4nr04&exportFormat=html",
          "application/pdf": "https://docs.google.com/feeds/download/documents/export/Export?id=1-3sgZwccsDmWuer_YCR2A50vQs4NoDWsTofHQS4nr04&exportFormat=pdf",
          "application/epub+zip": "https://docs.google.com/feeds/download/documents/export/Export?id=1-3sgZwccsDmWuer_YCR2A50vQs4NoDWsTofHQS4nr04&exportFormat=epub",
          "application/zip": "https://docs.google.com/feeds/download/documents/export/Export?id=1-3sgZwccsDmWuer_YCR2A50vQs4NoDWsTofHQS4nr04&exportFormat=zip",
          "application/vnd.openxmlformats-officedocument.wordprocessingml.document": "https://docs.google.com/feeds/download/documents/export/Export?id=1-3sgZwccsDmWuer_YCR2A50vQs4NoDWsTofHQS4nr04&exportFormat=docx",
          "text/plain": "https://docs.google.com/feeds/download/documents/export/Export?id=1-3sgZwccsDmWuer_YCR2A50vQs4NoDWsTofHQS4nr04&exportFormat=txt"
         }
        }
  recorded_at: 2021-03-31 08:48:04 GMT
  recorded_with: vcr/0.6.0, webmockr/0.7.4
- request:
    method: patch
    uri: https://www.googleapis.com/upload/drive/v3/files/1WwaXVIUP3ezt3qCitSMfh7P-l-k-5z9-?supportsTeamDrives=TRUE&fields=%2A&uploadType=multipart
    body:
      encoding: ''
      string: metadata=list(path = "/private/var/folders/y5/btw5zzhj5jsb6cmlv7x4_q7h0000gp/T/RtmplCP2hA/file341444e94e22",
        type = "application/json; charset=UTF-8"),media=list(path = "/Users/claudio/Dottorato/Pacchetti/trackdown/tests/testthat/test_files/example_1.html",
        type = "text/html")
    headers:
      Accept: application/json, text/xml, application/xml, */*
      Authorization: My bearer token is safe
  response:
    status:
      status_code: 200
      category: Success
      reason: OK
      message: 'Success: (200) OK'
    headers:
      alt-svc: h3-29=":443"; ma=2592000,h3-T051=":443"; ma=2592000,h3-Q050=":443";
        ma=2592000,h3-Q046=":443"; ma=2592000,h3-Q043=":443"; ma=2592000,quic=":443";
        ma=2592000; v="46,43"
      cache-control: no-cache, no-store, max-age=0, must-revalidate
      content-length: '2719'
      content-type: application/json; charset=UTF-8
      date: Wed, 31 Mar 2021 08:48:04 GMT
      expires: Mon, 01 Jan 1990 00:00:00 GMT
      pragma: no-cache
      server: UploadServer
      vary:
      - Origin
      - X-Origin
      x-guploader-uploadid: ABg5-Uy5WiQNrg4jyMxi782v1r2EWJTYvEnjxDIy-xIcJztDk8xYPS5WsBfog1e48HChnFuMRNe4HZje2e7fBExGdOM
    body:
      encoding: UTF-8
      file: no
      string: |
        {
         "kind": "drive#file",
         "id": "1WwaXVIUP3ezt3qCitSMfh7P-l-k-5z9-",
         "name": "update_example-output",
         "mimeType": "text/html",
         "starred": false,
         "trashed": false,
         "explicitlyTrashed": false,
         "parents": [
          "1CB3g50fT5m1LHMl3-lPiuoKd7v3jeYgb"
         ],
         "spaces": [
          "drive"
         ],
         "version": "5",
         "webContentLink": "https://drive.google.com/uc?id=1WwaXVIUP3ezt3qCitSMfh7P-l-k-5z9-&export=download",
         "webViewLink": "https://drive.google.com/file/d/1WwaXVIUP3ezt3qCitSMfh7P-l-k-5z9-/view?usp=drivesdk",
         "iconLink": "https://drive-thirdparty.googleusercontent.com/16/type/text/html",
         "hasThumbnail": true,
         "thumbnailLink": "https://lh3.googleusercontent.com/syxrKVhJQA63jjBvFVjHeZNkt14qkdm5aIaNxwgnrM3CfuCQSTtuss_oWqzYwbRIuQ6OCv2NOZbbpC4=s220",
         "thumbnailVersion": "4",
         "viewedByMe": false,
         "createdTime": "2021-03-31T08:30:51.212Z",
         "modifiedTime": "2021-03-31T08:48:03.848Z",
         "modifiedByMeTime": "2021-03-31T08:48:03.848Z",
         "modifiedByMe": true,
         "owners": [
          {
           "kind": "drive#user",
           "displayName": "trackdown rpackage",
           "me": true,
           "permissionId": "09109446299227804908",
           "emailAddress": "trackdown.rpackage@gmail.com"
          }
         ],
         "lastModifyingUser": {
          "kind": "drive#user",
          "displayName": "trackdown rpackage",
          "me": true,
          "permissionId": "09109446299227804908",
          "emailAddress": "trackdown.rpackage@gmail.com"
         },
         "shared": false,
         "ownedByMe": true,
         "capabilities": {
          "canAddChildren": false,
          "canAddMyDriveParent": false,
          "canChangeCopyRequiresWriterPermission": true,
          "canChangeViewersCanCopyContent": true,
          "canComment": true,
          "canCopy": true,
          "canDelete": true,
          "canDownload": true,
          "canEdit": true,
          "canListChildren": false,
          "canModifyContent": true,
          "canMoveChildrenWithinDrive": false,
          "canMoveItemIntoTeamDrive": true,
          "canMoveItemOutOfDrive": true,
          "canMoveItemWithinDrive": true,
          "canReadRevisions": true,
          "canRemoveChildren": false,
          "canRemoveMyDriveParent": true,
          "canRename": true,
          "canShare": true,
          "canTrash": true,
          "canUntrash": true
         },
         "viewersCanCopyContent": true,
         "copyRequiresWriterPermission": false,
         "writersCanShare": true,
         "permissions": [
          {
           "kind": "drive#permission",
           "id": "09109446299227804908",
           "type": "user",
           "emailAddress": "trackdown.rpackage@gmail.com",
           "role": "owner",
           "displayName": "trackdown rpackage",
           "deleted": false
          }
         ],
         "permissionIds": [
          "09109446299227804908"
         ],
         "originalFilename": "example_1.html",
         "fullFileExtension": "html",
         "fileExtension": "",
         "md5Checksum": "f324dc90dd2e8211dd6c630640629653",
         "size": "714047",
         "quotaBytesUsed": "714047",
         "headRevisionId": "0B_bXnIs35pMSd2N2L3Y1QzFVMFZBYVhoR3N2cHVzSWRZTzBnPQ",
         "isAppAuthorized": true
        }
  recorded_at: 2021-03-31 08:48:04 GMT
  recorded_with: vcr/0.6.0, webmockr/0.7.4
