http_interactions:
- request:
    method: get
    uri: https://www.googleapis.com/drive/v3/files?orderBy=recency%20desc&q=%28%270APbXnIs35pMSUk9PVA%27%20in%20parents%29%20and%20%28mimeType%20%3D%20%27application%2Fvnd.google-apps.folder%27%29%20and%20%28name%20%3D%20%27writing_folder%27%29%20and%20%28trashed%20%3D%20false%29&supportsAllDrives=TRUE&fields=%2A
    body:
      encoding: ''
      string: ''
    headers:
      Accept: application/json, text/xml, application/xml, */*
      Authorization: My bearer token is safe
  response:
    status:
      status_code: 200
      category: Success
      reason: OK
      message: 'Success: (200) OK'
    headers:
      alt-svc: h3=":443"; ma=2592000,h3-29=":443"; ma=2592000,h3-T051=":443"; ma=2592000,h3-Q050=":443";
        ma=2592000,h3-Q046=":443"; ma=2592000,h3-Q043=":443"; ma=2592000,quic=":443";
        ma=2592000; v="46,43"
      cache-control: no-cache, no-store, max-age=0, must-revalidate
      content-encoding: gzip
      content-length: '973'
      content-security-policy: frame-ancestors 'self'
      content-type: application/json; charset=UTF-8
      date: Fri, 09 Jul 2021 14:24:15 GMT
      expires: Mon, 01 Jan 1990 00:00:00 GMT
      pragma: no-cache
      server: GSE
      vary:
      - Origin
      - X-Origin
      x-content-type-options: nosniff
      x-frame-options: SAMEORIGIN
      x-xss-protection: 1; mode=block
    body:
      encoding: UTF-8
      file: no
      string: |
        {
         "kind": "drive#fileList",
         "incompleteSearch": false,
         "files": [
          {
           "kind": "drive#file",
           "id": "1CB3g50fT5m1LHMl3-lPiuoKd7v3jeYgb",
           "name": "writing_folder",
           "mimeType": "application/vnd.google-apps.folder",
           "starred": false,
           "trashed": false,
           "explicitlyTrashed": false,
           "parents": [
            "0APbXnIs35pMSUk9PVA"
           ],
           "spaces": [
            "drive"
           ],
           "version": "18",
           "webViewLink": "https://drive.google.com/drive/folders/1CB3g50fT5m1LHMl3-lPiuoKd7v3jeYgb",
           "iconLink": "https://drive-thirdparty.googleusercontent.com/16/type/application/vnd.google-apps.folder",
           "hasThumbnail": false,
           "thumbnailVersion": "0",
           "viewedByMe": true,
           "viewedByMeTime": "2021-07-09T14:06:53.520Z",
           "createdTime": "2021-03-10T08:02:58.655Z",
           "modifiedTime": "2021-03-10T08:02:58.655Z",
           "modifiedByMeTime": "2021-03-10T08:02:58.655Z",
           "modifiedByMe": true,
           "owners": [
            {
             "kind": "drive#user",
             "displayName": "trackdown rpackage",
             "photoLink": "https://lh3.googleusercontent.com/a-/AOh14Gg8g9gjcb-a1TO55XHd1r9YSgKruLe1rzCys3Gx=s64",
             "me": true,
             "permissionId": "09109446299227804908",
             "emailAddress": "trackdown.rpackage@gmail.com"
            }
           ],
           "lastModifyingUser": {
            "kind": "drive#user",
            "displayName": "trackdown rpackage",
            "photoLink": "https://lh3.googleusercontent.com/a-/AOh14Gg8g9gjcb-a1TO55XHd1r9YSgKruLe1rzCys3Gx=s64",
            "me": true,
            "permissionId": "09109446299227804908",
            "emailAddress": "trackdown.rpackage@gmail.com"
           },
           "shared": false,
           "ownedByMe": true,
           "capabilities": {
            "canAddChildren": true,
            "canAddMyDriveParent": false,
            "canChangeCopyRequiresWriterPermission": false,
            "canChangeSecurityUpdateEnabled": false,
            "canChangeViewersCanCopyContent": false,
            "canComment": true,
            "canCopy": false,
            "canDelete": true,
            "canDownload": true,
            "canEdit": true,
            "canListChildren": true,
            "canModifyContent": true,
            "canMoveChildrenWithinDrive": true,
            "canMoveItemIntoTeamDrive": true,
            "canMoveItemOutOfDrive": true,
            "canMoveItemWithinDrive": true,
            "canReadRevisions": false,
            "canRemoveChildren": true,
            "canRemoveMyDriveParent": true,
            "canRename": true,
            "canShare": true,
            "canTrash": true,
            "canUntrash": true
           },
           "viewersCanCopyContent": true,
           "copyRequiresWriterPermission": false,
           "writersCanShare": true,
           "permissions": [
            {
             "kind": "drive#permission",
             "id": "09109446299227804908",
             "type": "user",
             "emailAddress": "trackdown.rpackage@gmail.com",
             "role": "owner",
             "displayName": "trackdown rpackage",
             "photoLink": "https://lh3.googleusercontent.com/a-/AOh14Gg8g9gjcb-a1TO55XHd1r9YSgKruLe1rzCys3Gx=s64",
             "deleted": false
            }
           ],
           "permissionIds": [
            "09109446299227804908"
           ],
           "folderColorRgb": "#8f8f8f",
           "quotaBytesUsed": "0",
           "isAppAuthorized": false,
           "linkShareMetadata": {
            "securityUpdateEligible": false,
            "securityUpdateEnabled": true
           }
          }
         ]
        }
  recorded_at: 2021-07-09 14:24:22 GMT
  recorded_with: vcr/0.6.0, webmockr/0.7.4
- request:
    method: get
    uri: https://www.googleapis.com/drive/v3/files?orderBy=recency%20desc&q=%28%271CB3g50fT5m1LHMl3-lPiuoKd7v3jeYgb%27%20in%20parents%29%20and%20%28name%20%3D%20%27example_1%27%29%20and%20%28trashed%20%3D%20false%29&supportsAllDrives=TRUE&fields=%2A
    body:
      encoding: ''
      string: ''
    headers:
      Accept: application/json, text/xml, application/xml, */*
      Authorization: My bearer token is safe
  response:
    status:
      status_code: 200
      category: Success
      reason: OK
      message: 'Success: (200) OK'
    headers:
      alt-svc: h3=":443"; ma=2592000,h3-29=":443"; ma=2592000,h3-T051=":443"; ma=2592000,h3-Q050=":443";
        ma=2592000,h3-Q046=":443"; ma=2592000,h3-Q043=":443"; ma=2592000,quic=":443";
        ma=2592000; v="46,43"
      cache-control: no-cache, no-store, max-age=0, must-revalidate
      content-encoding: gzip
      content-length: '84'
      content-security-policy: frame-ancestors 'self'
      content-type: application/json; charset=UTF-8
      date: Fri, 09 Jul 2021 14:24:15 GMT
      expires: Mon, 01 Jan 1990 00:00:00 GMT
      pragma: no-cache
      server: GSE
      vary:
      - Origin
      - X-Origin
      x-content-type-options: nosniff
      x-frame-options: SAMEORIGIN
      x-xss-protection: 1; mode=block
    body:
      encoding: UTF-8
      file: no
      string: |
        {
         "kind": "drive#fileList",
         "incompleteSearch": false,
         "files": []
        }
  recorded_at: 2021-07-09 14:24:22 GMT
  recorded_with: vcr/0.6.0, webmockr/0.7.4
- request:
    method: get
    uri: https://www.googleapis.com/drive/v3/files?orderBy=recency%20desc&q=%28%270APbXnIs35pMSUk9PVA%27%20in%20parents%29%20and%20%28mimeType%20%3D%20%27application%2Fvnd.google-apps.folder%27%29%20and%20%28name%20%3D%20%27writing_folder%27%29%20and%20%28trashed%20%3D%20false%29&supportsAllDrives=TRUE&fields=%2A
    body:
      encoding: ''
      string: ''
    headers:
      Accept: application/json, text/xml, application/xml, */*
      Authorization: My bearer token is safe
  response:
    status:
      status_code: 200
      category: Success
      reason: OK
      message: 'Success: (200) OK'
    headers:
      alt-svc: h3=":443"; ma=2592000,h3-29=":443"; ma=2592000,h3-T051=":443"; ma=2592000,h3-Q050=":443";
        ma=2592000,h3-Q046=":443"; ma=2592000,h3-Q043=":443"; ma=2592000,quic=":443";
        ma=2592000; v="46,43"
      cache-control: no-cache, no-store, max-age=0, must-revalidate
      content-encoding: gzip
      content-length: '973'
      content-security-policy: frame-ancestors 'self'
      content-type: application/json; charset=UTF-8
      date: Fri, 09 Jul 2021 14:24:15 GMT
      expires: Mon, 01 Jan 1990 00:00:00 GMT
      pragma: no-cache
      server: GSE
      vary:
      - Origin
      - X-Origin
      x-content-type-options: nosniff
      x-frame-options: SAMEORIGIN
      x-xss-protection: 1; mode=block
    body:
      encoding: UTF-8
      file: no
      string: |
        {
         "kind": "drive#fileList",
         "incompleteSearch": false,
         "files": [
          {
           "kind": "drive#file",
           "id": "1CB3g50fT5m1LHMl3-lPiuoKd7v3jeYgb",
           "name": "writing_folder",
           "mimeType": "application/vnd.google-apps.folder",
           "starred": false,
           "trashed": false,
           "explicitlyTrashed": false,
           "parents": [
            "0APbXnIs35pMSUk9PVA"
           ],
           "spaces": [
            "drive"
           ],
           "version": "18",
           "webViewLink": "https://drive.google.com/drive/folders/1CB3g50fT5m1LHMl3-lPiuoKd7v3jeYgb",
           "iconLink": "https://drive-thirdparty.googleusercontent.com/16/type/application/vnd.google-apps.folder",
           "hasThumbnail": false,
           "thumbnailVersion": "0",
           "viewedByMe": true,
           "viewedByMeTime": "2021-07-09T14:06:53.520Z",
           "createdTime": "2021-03-10T08:02:58.655Z",
           "modifiedTime": "2021-03-10T08:02:58.655Z",
           "modifiedByMeTime": "2021-03-10T08:02:58.655Z",
           "modifiedByMe": true,
           "owners": [
            {
             "kind": "drive#user",
             "displayName": "trackdown rpackage",
             "photoLink": "https://lh3.googleusercontent.com/a-/AOh14Gg8g9gjcb-a1TO55XHd1r9YSgKruLe1rzCys3Gx=s64",
             "me": true,
             "permissionId": "09109446299227804908",
             "emailAddress": "trackdown.rpackage@gmail.com"
            }
           ],
           "lastModifyingUser": {
            "kind": "drive#user",
            "displayName": "trackdown rpackage",
            "photoLink": "https://lh3.googleusercontent.com/a-/AOh14Gg8g9gjcb-a1TO55XHd1r9YSgKruLe1rzCys3Gx=s64",
            "me": true,
            "permissionId": "09109446299227804908",
            "emailAddress": "trackdown.rpackage@gmail.com"
           },
           "shared": false,
           "ownedByMe": true,
           "capabilities": {
            "canAddChildren": true,
            "canAddMyDriveParent": false,
            "canChangeCopyRequiresWriterPermission": false,
            "canChangeSecurityUpdateEnabled": false,
            "canChangeViewersCanCopyContent": false,
            "canComment": true,
            "canCopy": false,
            "canDelete": true,
            "canDownload": true,
            "canEdit": true,
            "canListChildren": true,
            "canModifyContent": true,
            "canMoveChildrenWithinDrive": true,
            "canMoveItemIntoTeamDrive": true,
            "canMoveItemOutOfDrive": true,
            "canMoveItemWithinDrive": true,
            "canReadRevisions": false,
            "canRemoveChildren": true,
            "canRemoveMyDriveParent": true,
            "canRename": true,
            "canShare": true,
            "canTrash": true,
            "canUntrash": true
           },
           "viewersCanCopyContent": true,
           "copyRequiresWriterPermission": false,
           "writersCanShare": true,
           "permissions": [
            {
             "kind": "drive#permission",
             "id": "09109446299227804908",
             "type": "user",
             "emailAddress": "trackdown.rpackage@gmail.com",
             "role": "owner",
             "displayName": "trackdown rpackage",
             "photoLink": "https://lh3.googleusercontent.com/a-/AOh14Gg8g9gjcb-a1TO55XHd1r9YSgKruLe1rzCys3Gx=s64",
             "deleted": false
            }
           ],
           "permissionIds": [
            "09109446299227804908"
           ],
           "folderColorRgb": "#8f8f8f",
           "quotaBytesUsed": "0",
           "isAppAuthorized": false,
           "linkShareMetadata": {
            "securityUpdateEligible": false,
            "securityUpdateEnabled": true
           }
          }
         ]
        }
  recorded_at: 2021-07-09 14:24:22 GMT
  recorded_with: vcr/0.6.0, webmockr/0.7.4
- request:
    method: get
    uri: https://www.googleapis.com/drive/v3/files?orderBy=recency%20desc&q=%28%271CB3g50fT5m1LHMl3-lPiuoKd7v3jeYgb%27%20in%20parents%29%20and%20%28name%20%3D%20%27example_1-output%27%29%20and%20%28trashed%20%3D%20false%29&supportsAllDrives=TRUE&fields=%2A
    body:
      encoding: ''
      string: ''
    headers:
      Accept: application/json, text/xml, application/xml, */*
      Authorization: My bearer token is safe
  response:
    status:
      status_code: 200
      category: Success
      reason: OK
      message: 'Success: (200) OK'
    headers:
      alt-svc: h3=":443"; ma=2592000,h3-29=":443"; ma=2592000,h3-T051=":443"; ma=2592000,h3-Q050=":443";
        ma=2592000,h3-Q046=":443"; ma=2592000,h3-Q043=":443"; ma=2592000,quic=":443";
        ma=2592000; v="46,43"
      cache-control: no-cache, no-store, max-age=0, must-revalidate
      content-encoding: gzip
      content-length: '84'
      content-security-policy: frame-ancestors 'self'
      content-type: application/json; charset=UTF-8
      date: Fri, 09 Jul 2021 14:24:16 GMT
      expires: Mon, 01 Jan 1990 00:00:00 GMT
      pragma: no-cache
      server: GSE
      vary:
      - Origin
      - X-Origin
      x-content-type-options: nosniff
      x-frame-options: SAMEORIGIN
      x-xss-protection: 1; mode=block
    body:
      encoding: UTF-8
      file: no
      string: |
        {
         "kind": "drive#fileList",
         "incompleteSearch": false,
         "files": []
        }
  recorded_at: 2021-07-09 14:24:22 GMT
  recorded_with: vcr/0.6.0, webmockr/0.7.4
- request:
    method: post
    uri: https://www.googleapis.com/upload/drive/v3/files?supportsAllDrives=TRUE&fields=%2A&uploadType=multipart
    body:
      encoding: ''
      string: metadata=list(path = "/private/var/folders/y5/btw5zzhj5jsb6cmlv7x4_q7h0000gp/T/Rtmp4ZK3BL/drive-upload-meta4fd6258d5fd8.json",
        type = "application/json; charset=UTF-8"),media=list(path = "/Users/claudio/Dottorato/Pacchetti/trackdown/tests/testthat/test_files/.temp-example_1.txt",
        type = "text/plain")
    headers:
      Accept: application/json, text/xml, application/xml, */*
      Authorization: My bearer token is safe
  response:
    status:
      status_code: 200
      category: Success
      reason: OK
      message: 'Success: (200) OK'
    headers:
      alt-svc: h3=":443"; ma=2592000,h3-29=":443"; ma=2592000,h3-T051=":443"; ma=2592000,h3-Q050=":443";
        ma=2592000,h3-Q046=":443"; ma=2592000,h3-Q043=":443"; ma=2592000,quic=":443";
        ma=2592000; v="46,43"
      cache-control: no-cache, no-store, max-age=0, must-revalidate
      content-length: '4249'
      content-type: application/json; charset=UTF-8
      date: Fri, 09 Jul 2021 14:24:19 GMT
      expires: Mon, 01 Jan 1990 00:00:00 GMT
      pragma: no-cache
      server: UploadServer
      vary:
      - Origin
      - X-Origin
      x-guploader-uploadid: ADPycdsKhayIky-LmswwYFAbX0YHOjh5J4HOCpGtvjUPwWByEgX8U_fGn1ROTuIV0OVwfLND3X30iMCk_Jg3IlzmjFw
    body:
      encoding: UTF-8
      file: no
      string: |
        {
         "kind": "drive#file",
         "id": "1N_xwie20YcR8lDQ4WEzeBJ-itjIwotpFWBML8n-cWKs",
         "name": "example_1",
         "mimeType": "application/vnd.google-apps.document",
         "starred": false,
         "trashed": false,
         "explicitlyTrashed": false,
         "parents": [
          "1CB3g50fT5m1LHMl3-lPiuoKd7v3jeYgb"
         ],
         "spaces": [
          "drive"
         ],
         "version": "4",
         "webContentLink": "https://drive.google.com/uc?id=1N_xwie20YcR8lDQ4WEzeBJ-itjIwotpFWBML8n-cWKs&export=download",
         "webViewLink": "https://docs.google.com/document/d/1N_xwie20YcR8lDQ4WEzeBJ-itjIwotpFWBML8n-cWKs/edit?usp=drivesdk",
         "iconLink": "https://drive-thirdparty.googleusercontent.com/16/type/application/vnd.google-apps.document",
         "hasThumbnail": false,
         "thumbnailVersion": "0",
         "viewedByMe": true,
         "viewedByMeTime": "2021-07-09T14:24:18.501Z",
         "createdTime": "2021-07-09T14:24:16.778Z",
         "modifiedTime": "2021-07-09T14:24:16.856Z",
         "modifiedByMeTime": "2021-07-09T14:24:16.856Z",
         "modifiedByMe": true,
         "owners": [
          {
           "kind": "drive#user",
           "displayName": "trackdown rpackage",
           "photoLink": "https://lh3.googleusercontent.com/a-/AOh14Gg8g9gjcb-a1TO55XHd1r9YSgKruLe1rzCys3Gx=s64",
           "me": true,
           "permissionId": "09109446299227804908",
           "emailAddress": "trackdown.rpackage@gmail.com"
          }
         ],
         "lastModifyingUser": {
          "kind": "drive#user",
          "displayName": "trackdown rpackage",
          "photoLink": "https://lh3.googleusercontent.com/a-/AOh14Gg8g9gjcb-a1TO55XHd1r9YSgKruLe1rzCys3Gx=s64",
          "me": true,
          "permissionId": "09109446299227804908",
          "emailAddress": "trackdown.rpackage@gmail.com"
         },
         "shared": false,
         "ownedByMe": true,
         "capabilities": {
          "canAddChildren": false,
          "canAddMyDriveParent": false,
          "canChangeCopyRequiresWriterPermission": true,
          "canChangeSecurityUpdateEnabled": false,
          "canChangeViewersCanCopyContent": true,
          "canComment": true,
          "canCopy": true,
          "canDelete": true,
          "canDownload": true,
          "canEdit": true,
          "canListChildren": false,
          "canModifyContent": true,
          "canMoveChildrenWithinDrive": false,
          "canMoveItemIntoTeamDrive": true,
          "canMoveItemOutOfDrive": true,
          "canMoveItemWithinDrive": true,
          "canReadRevisions": true,
          "canRemoveChildren": false,
          "canRemoveMyDriveParent": true,
          "canRename": true,
          "canShare": true,
          "canTrash": true,
          "canUntrash": true
         },
         "viewersCanCopyContent": true,
         "copyRequiresWriterPermission": false,
         "writersCanShare": true,
         "permissions": [
          {
           "kind": "drive#permission",
           "id": "09109446299227804908",
           "type": "user",
           "emailAddress": "trackdown.rpackage@gmail.com",
           "role": "owner",
           "displayName": "trackdown rpackage",
           "photoLink": "https://lh3.googleusercontent.com/a-/AOh14Gg8g9gjcb-a1TO55XHd1r9YSgKruLe1rzCys3Gx=s64",
           "deleted": false
          }
         ],
         "permissionIds": [
          "09109446299227804908"
         ],
         "size": "1024",
         "quotaBytesUsed": "1024",
         "isAppAuthorized": true,
         "exportLinks": {
          "application/rtf": "https://docs.google.com/feeds/download/documents/export/Export?id=1N_xwie20YcR8lDQ4WEzeBJ-itjIwotpFWBML8n-cWKs&exportFormat=rtf",
          "application/vnd.oasis.opendocument.text": "https://docs.google.com/feeds/download/documents/export/Export?id=1N_xwie20YcR8lDQ4WEzeBJ-itjIwotpFWBML8n-cWKs&exportFormat=odt",
          "text/html": "https://docs.google.com/feeds/download/documents/export/Export?id=1N_xwie20YcR8lDQ4WEzeBJ-itjIwotpFWBML8n-cWKs&exportFormat=html",
          "application/pdf": "https://docs.google.com/feeds/download/documents/export/Export?id=1N_xwie20YcR8lDQ4WEzeBJ-itjIwotpFWBML8n-cWKs&exportFormat=pdf",
          "application/epub+zip": "https://docs.google.com/feeds/download/documents/export/Export?id=1N_xwie20YcR8lDQ4WEzeBJ-itjIwotpFWBML8n-cWKs&exportFormat=epub",
          "application/zip": "https://docs.google.com/feeds/download/documents/export/Export?id=1N_xwie20YcR8lDQ4WEzeBJ-itjIwotpFWBML8n-cWKs&exportFormat=zip",
          "application/vnd.openxmlformats-officedocument.wordprocessingml.document": "https://docs.google.com/feeds/download/documents/export/Export?id=1N_xwie20YcR8lDQ4WEzeBJ-itjIwotpFWBML8n-cWKs&exportFormat=docx",
          "text/plain": "https://docs.google.com/feeds/download/documents/export/Export?id=1N_xwie20YcR8lDQ4WEzeBJ-itjIwotpFWBML8n-cWKs&exportFormat=txt"
         },
         "linkShareMetadata": {
          "securityUpdateEligible": false,
          "securityUpdateEnabled": true
         }
        }
  recorded_at: 2021-07-09 14:24:22 GMT
  recorded_with: vcr/0.6.0, webmockr/0.7.4
- request:
    method: post
    uri: https://www.googleapis.com/upload/drive/v3/files?supportsAllDrives=TRUE&fields=%2A&uploadType=multipart
    body:
      encoding: ''
      string: metadata=list(path = "/private/var/folders/y5/btw5zzhj5jsb6cmlv7x4_q7h0000gp/T/Rtmp4ZK3BL/drive-upload-meta4fd6648f712a.json",
        type = "application/json; charset=UTF-8"),media=list(path = "/Users/claudio/Dottorato/Pacchetti/trackdown/tests/testthat/test_files/example_1.html",
        type = "text/html")
    headers:
      Accept: application/json, text/xml, application/xml, */*
      Authorization: My bearer token is safe
  response:
    status:
      status_code: 200
      category: Success
      reason: OK
      message: 'Success: (200) OK'
    headers:
      alt-svc: h3=":443"; ma=2592000,h3-29=":443"; ma=2592000,h3-T051=":443"; ma=2592000,h3-Q050=":443";
        ma=2592000,h3-Q046=":443"; ma=2592000,h3-Q043=":443"; ma=2592000,quic=":443";
        ma=2592000; v="46,43"
      cache-control: no-cache, no-store, max-age=0, must-revalidate
      content-length: '3027'
      content-type: application/json; charset=UTF-8
      date: Fri, 09 Jul 2021 14:24:20 GMT
      expires: Mon, 01 Jan 1990 00:00:00 GMT
      pragma: no-cache
      server: UploadServer
      vary:
      - Origin
      - X-Origin
      x-guploader-uploadid: ADPycds3U_jOQXXmk_fvSTSkYd_9n41dLmQGdz0VPeLwZEK8cmWodQfwclPo7t1IVAY1FvP5DcKlfX-nQIVPMcHZGhA
    body:
      encoding: UTF-8
      file: no
      string: |
        {
         "kind": "drive#file",
         "id": "1PNuvNBS4N4D6Y_SRYQqJSMzsZQzJR7VJ",
         "name": "example_1-output",
         "mimeType": "text/html",
         "starred": false,
         "trashed": false,
         "explicitlyTrashed": false,
         "parents": [
          "1CB3g50fT5m1LHMl3-lPiuoKd7v3jeYgb"
         ],
         "spaces": [
          "drive"
         ],
         "version": "1",
         "webContentLink": "https://drive.google.com/uc?id=1PNuvNBS4N4D6Y_SRYQqJSMzsZQzJR7VJ&export=download",
         "webViewLink": "https://drive.google.com/file/d/1PNuvNBS4N4D6Y_SRYQqJSMzsZQzJR7VJ/view?usp=drivesdk",
         "iconLink": "https://drive-thirdparty.googleusercontent.com/16/type/text/html",
         "hasThumbnail": false,
         "thumbnailVersion": "0",
         "viewedByMe": false,
         "createdTime": "2021-07-09T14:24:20.201Z",
         "modifiedTime": "2021-07-09T14:24:20.201Z",
         "modifiedByMeTime": "2021-07-09T14:24:20.201Z",
         "modifiedByMe": true,
         "owners": [
          {
           "kind": "drive#user",
           "displayName": "trackdown rpackage",
           "photoLink": "https://lh3.googleusercontent.com/a-/AOh14Gg8g9gjcb-a1TO55XHd1r9YSgKruLe1rzCys3Gx=s64",
           "me": true,
           "permissionId": "09109446299227804908",
           "emailAddress": "trackdown.rpackage@gmail.com"
          }
         ],
         "lastModifyingUser": {
          "kind": "drive#user",
          "displayName": "trackdown rpackage",
          "photoLink": "https://lh3.googleusercontent.com/a-/AOh14Gg8g9gjcb-a1TO55XHd1r9YSgKruLe1rzCys3Gx=s64",
          "me": true,
          "permissionId": "09109446299227804908",
          "emailAddress": "trackdown.rpackage@gmail.com"
         },
         "shared": false,
         "ownedByMe": true,
         "capabilities": {
          "canAddChildren": false,
          "canAddMyDriveParent": false,
          "canChangeCopyRequiresWriterPermission": true,
          "canChangeSecurityUpdateEnabled": false,
          "canChangeViewersCanCopyContent": true,
          "canComment": true,
          "canCopy": true,
          "canDelete": true,
          "canDownload": true,
          "canEdit": true,
          "canListChildren": false,
          "canModifyContent": true,
          "canMoveChildrenWithinDrive": false,
          "canMoveItemIntoTeamDrive": true,
          "canMoveItemOutOfDrive": true,
          "canMoveItemWithinDrive": true,
          "canReadRevisions": true,
          "canRemoveChildren": false,
          "canRemoveMyDriveParent": true,
          "canRename": true,
          "canShare": true,
          "canTrash": true,
          "canUntrash": true
         },
         "viewersCanCopyContent": true,
         "copyRequiresWriterPermission": false,
         "writersCanShare": true,
         "permissions": [
          {
           "kind": "drive#permission",
           "id": "09109446299227804908",
           "type": "user",
           "emailAddress": "trackdown.rpackage@gmail.com",
           "role": "owner",
           "displayName": "trackdown rpackage",
           "photoLink": "https://lh3.googleusercontent.com/a-/AOh14Gg8g9gjcb-a1TO55XHd1r9YSgKruLe1rzCys3Gx=s64",
           "deleted": false
          }
         ],
         "permissionIds": [
          "09109446299227804908"
         ],
         "originalFilename": "example_1.html",
         "fullFileExtension": "html",
         "fileExtension": "",
         "md5Checksum": "f324dc90dd2e8211dd6c630640629653",
         "size": "714047",
         "quotaBytesUsed": "714047",
         "headRevisionId": "0B_bXnIs35pMSV3prMTAyRkF1WGg1S1dDVTZNQlhPNHFvNldRPQ",
         "isAppAuthorized": true,
         "linkShareMetadata": {
          "securityUpdateEligible": false,
          "securityUpdateEnabled": true
         }
        }
  recorded_at: 2021-07-09 14:24:22 GMT
  recorded_with: vcr/0.6.0, webmockr/0.7.4
- request:
    method: delete
    uri: https://www.googleapis.com/drive/v3/files/1N_xwie20YcR8lDQ4WEzeBJ-itjIwotpFWBML8n-cWKs?supportsAllDrives=TRUE
    body:
      encoding: ''
      string: '{}'
    headers:
      Accept: application/json, text/xml, application/xml, */*
      Content-Type: application/json
      Authorization: My bearer token is safe
  response:
    status:
      status_code: 204
      category: Success
      reason: No Content
      message: 'Success: (204) No Content'
    headers:
      alt-svc: h3=":443"; ma=2592000,h3-29=":443"; ma=2592000,h3-T051=":443"; ma=2592000,h3-Q050=":443";
        ma=2592000,h3-Q046=":443"; ma=2592000,h3-Q043=":443"; ma=2592000,quic=":443";
        ma=2592000; v="46,43"
      cache-control: no-cache, no-store, max-age=0, must-revalidate
      date: Fri, 09 Jul 2021 14:24:21 GMT
      expires: Mon, 01 Jan 1990 00:00:00 GMT
      pragma: no-cache
      server: GSE
      vary:
      - Origin
      - X-Origin
    body:
      encoding: UTF-8
      file: no
      string: ''
  recorded_at: 2021-07-09 14:24:22 GMT
  recorded_with: vcr/0.6.0, webmockr/0.7.4
- request:
    method: delete
    uri: https://www.googleapis.com/drive/v3/files/1PNuvNBS4N4D6Y_SRYQqJSMzsZQzJR7VJ?supportsAllDrives=TRUE
    body:
      encoding: ''
      string: '{}'
    headers:
      Accept: application/json, text/xml, application/xml, */*
      Content-Type: application/json
      Authorization: My bearer token is safe
  response:
    status:
      status_code: 204
      category: Success
      reason: No Content
      message: 'Success: (204) No Content'
    headers:
      alt-svc: h3=":443"; ma=2592000,h3-29=":443"; ma=2592000,h3-T051=":443"; ma=2592000,h3-Q050=":443";
        ma=2592000,h3-Q046=":443"; ma=2592000,h3-Q043=":443"; ma=2592000,quic=":443";
        ma=2592000; v="46,43"
      cache-control: no-cache, no-store, max-age=0, must-revalidate
      date: Fri, 09 Jul 2021 14:24:22 GMT
      expires: Mon, 01 Jan 1990 00:00:00 GMT
      pragma: no-cache
      server: GSE
      vary:
      - Origin
      - X-Origin
    body:
      encoding: UTF-8
      file: no
      string: ''
  recorded_at: 2021-07-09 14:24:22 GMT
  recorded_with: vcr/0.6.0, webmockr/0.7.4
